Archive member included to satisfy reference by file (symbol)

../test_dma_bsp//libhal_bsp.a(alt_load.o)
                              ../test_dma_bsp//obj/HAL/src/crt0.o (alt_load)
../test_dma_bsp//libhal_bsp.a(alt_main.o)
                              ../test_dma_bsp//obj/HAL/src/crt0.o (alt_main)
../test_dma_bsp//libhal_bsp.a(alt_sys_init.o)
                              ../test_dma_bsp//libhal_bsp.a(alt_main.o) (alt_irq_init)
../test_dma_bsp//libhal_bsp.a(altera_avalon_jtag_uart_fd.o)
                              ../test_dma_bsp//libhal_bsp.a(alt_sys_init.o) (altera_avalon_jtag_uart_read_fd)
../test_dma_bsp//libhal_bsp.a(altera_avalon_jtag_uart_init.o)
                              ../test_dma_bsp//libhal_bsp.a(alt_sys_init.o) (altera_avalon_jtag_uart_init)
../test_dma_bsp//libhal_bsp.a(altera_avalon_jtag_uart_ioctl.o)
                              ../test_dma_bsp//libhal_bsp.a(altera_avalon_jtag_uart_fd.o) (altera_avalon_jtag_uart_ioctl)
../test_dma_bsp//libhal_bsp.a(altera_avalon_jtag_uart_read.o)
                              ../test_dma_bsp//libhal_bsp.a(altera_avalon_jtag_uart_fd.o) (altera_avalon_jtag_uart_read)
../test_dma_bsp//libhal_bsp.a(altera_avalon_jtag_uart_write.o)
                              ../test_dma_bsp//libhal_bsp.a(altera_avalon_jtag_uart_fd.o) (altera_avalon_jtag_uart_write)
../test_dma_bsp//libhal_bsp.a(altera_avalon_timer_sc.o)
                              ../test_dma_bsp//libhal_bsp.a(alt_sys_init.o) (alt_avalon_timer_sc_init)
../test_dma_bsp//libhal_bsp.a(alt_alarm_start.o)
                              ../test_dma_bsp//libhal_bsp.a(altera_avalon_jtag_uart_init.o) (alt_alarm_start)
../test_dma_bsp//libhal_bsp.a(alt_close.o)
                              ../test_dma_bsp//libhal_bsp.a(alt_main.o) (close)
../test_dma_bsp//libhal_bsp.a(alt_dcache_flush_all.o)
                              ../test_dma_bsp//libhal_bsp.a(alt_load.o) (alt_dcache_flush_all)
../test_dma_bsp//libhal_bsp.a(alt_dev.o)
                              ../test_dma_bsp//libhal_bsp.a(alt_sys_init.o) (alt_dev_list)
../test_dma_bsp//libhal_bsp.a(alt_dev_llist_insert.o)
                              ../test_dma_bsp//libhal_bsp.a(alt_sys_init.o) (alt_dev_llist_insert)
../test_dma_bsp//libhal_bsp.a(alt_do_ctors.o)
                              ../test_dma_bsp//libhal_bsp.a(alt_main.o) (_do_ctors)
../test_dma_bsp//libhal_bsp.a(alt_do_dtors.o)
                              ../test_dma_bsp//libhal_bsp.a(alt_main.o) (_do_dtors)
../test_dma_bsp//libhal_bsp.a(alt_errno.o)
                              ../test_dma_bsp//libhal_bsp.a(alt_close.o) (alt_errno)
../test_dma_bsp//libhal_bsp.a(alt_icache_flush_all.o)
                              ../test_dma_bsp//libhal_bsp.a(alt_load.o) (alt_icache_flush_all)
../test_dma_bsp//libhal_bsp.a(alt_iic.o)
                              ../test_dma_bsp//libhal_bsp.a(altera_avalon_jtag_uart_init.o) (alt_ic_isr_register)
../test_dma_bsp//libhal_bsp.a(alt_iic_isr_register.o)
                              ../test_dma_bsp//libhal_bsp.a(alt_iic.o) (alt_iic_isr_register)
../test_dma_bsp//libhal_bsp.a(alt_io_redirect.o)
                              ../test_dma_bsp//libhal_bsp.a(alt_main.o) (alt_io_redirect)
../test_dma_bsp//libhal_bsp.a(alt_irq_entry.o)
                              ../test_dma_bsp//libhal_bsp.a(alt_iic_isr_register.o) (alt_irq_entry)
../test_dma_bsp//libhal_bsp.a(alt_irq_handler.o)
                              ../test_dma_bsp//libhal_bsp.a(alt_iic_isr_register.o) (alt_irq)
../test_dma_bsp//libhal_bsp.a(alt_irq_vars.o)
                              ../test_dma_bsp//libhal_bsp.a(alt_iic.o) (alt_irq_active)
../test_dma_bsp//libhal_bsp.a(alt_open.o)
                              ../test_dma_bsp//libhal_bsp.a(alt_io_redirect.o) (open)
../test_dma_bsp//libhal_bsp.a(alt_release_fd.o)
                              ../test_dma_bsp//libhal_bsp.a(alt_close.o) (alt_release_fd)
../test_dma_bsp//libhal_bsp.a(alt_tick.o)
                              ../test_dma_bsp//libhal_bsp.a(altera_avalon_jtag_uart_init.o) (_alt_tick_rate)
../test_dma_bsp//libhal_bsp.a(altera_nios2_gen2_irq.o)
                              ../test_dma_bsp//libhal_bsp.a(alt_sys_init.o) (altera_nios2_gen2_irq_init)
../test_dma_bsp//libhal_bsp.a(alt_exception_entry.o)
                              ../test_dma_bsp//libhal_bsp.a(alt_irq_entry.o) (alt_exception)
../test_dma_bsp//libhal_bsp.a(alt_find_dev.o)
                              ../test_dma_bsp//libhal_bsp.a(alt_open.o) (alt_find_dev)
../test_dma_bsp//libhal_bsp.a(alt_find_file.o)
                              ../test_dma_bsp//libhal_bsp.a(alt_open.o) (alt_find_file)
../test_dma_bsp//libhal_bsp.a(alt_get_fd.o)
                              ../test_dma_bsp//libhal_bsp.a(alt_open.o) (alt_get_fd)
../test_dma_bsp//libhal_bsp.a(alt_icache_flush.o)
                              ../test_dma_bsp//libhal_bsp.a(alt_icache_flush_all.o) (alt_icache_flush)
../test_dma_bsp//libhal_bsp.a(alt_instruction_exception_entry.o)
                              ../test_dma_bsp//libhal_bsp.a(alt_exception_entry.o) (alt_instruction_exception_entry)
/opt/altera/16.0/nios2eds/bin/gnu/H-x86_64-pc-linux-gnu/bin/../lib/gcc/nios2-elf/5.2.0/../../../../../H-x86_64-pc-linux-gnu/nios2-elf/lib/libc.a(lib_a-atexit.o)
                              ../test_dma_bsp//libhal_bsp.a(alt_main.o) (atexit)
/opt/altera/16.0/nios2eds/bin/gnu/H-x86_64-pc-linux-gnu/bin/../lib/gcc/nios2-elf/5.2.0/../../../../../H-x86_64-pc-linux-gnu/nios2-elf/lib/libc.a(lib_a-exit.o)
                              ../test_dma_bsp//libhal_bsp.a(alt_main.o) (exit)
/opt/altera/16.0/nios2eds/bin/gnu/H-x86_64-pc-linux-gnu/bin/../lib/gcc/nios2-elf/5.2.0/../../../../../H-x86_64-pc-linux-gnu/nios2-elf/lib/libc.a(lib_a-impure.o)
                              /opt/altera/16.0/nios2eds/bin/gnu/H-x86_64-pc-linux-gnu/bin/../lib/gcc/nios2-elf/5.2.0/../../../../../H-x86_64-pc-linux-gnu/nios2-elf/lib/libc.a(lib_a-exit.o) (_global_impure_ptr)
/opt/altera/16.0/nios2eds/bin/gnu/H-x86_64-pc-linux-gnu/bin/../lib/gcc/nios2-elf/5.2.0/../../../../../H-x86_64-pc-linux-gnu/nios2-elf/lib/libc.a(lib_a-int_errno.o)
                              ../test_dma_bsp//libhal_bsp.a(alt_close.o) (errno)
/opt/altera/16.0/nios2eds/bin/gnu/H-x86_64-pc-linux-gnu/bin/../lib/gcc/nios2-elf/5.2.0/../../../../../H-x86_64-pc-linux-gnu/nios2-elf/lib/libc.a(lib_a-memcmp.o)
                              ../test_dma_bsp//libhal_bsp.a(alt_find_dev.o) (memcmp)
/opt/altera/16.0/nios2eds/bin/gnu/H-x86_64-pc-linux-gnu/bin/../lib/gcc/nios2-elf/5.2.0/../../../../../H-x86_64-pc-linux-gnu/nios2-elf/lib/libc.a(lib_a-memcpy.o)
                              ../test_dma_bsp//libhal_bsp.a(altera_avalon_jtag_uart_read.o) (memcpy)
/opt/altera/16.0/nios2eds/bin/gnu/H-x86_64-pc-linux-gnu/bin/../lib/gcc/nios2-elf/5.2.0/../../../../../H-x86_64-pc-linux-gnu/nios2-elf/lib/libc.a(lib_a-strlen.o)
                              ../test_dma_bsp//libhal_bsp.a(alt_find_dev.o) (strlen)
/opt/altera/16.0/nios2eds/bin/gnu/H-x86_64-pc-linux-gnu/bin/../lib/gcc/nios2-elf/5.2.0/../../../../../H-x86_64-pc-linux-gnu/nios2-elf/lib/libc.a(lib_a-__atexit.o)
                              /opt/altera/16.0/nios2eds/bin/gnu/H-x86_64-pc-linux-gnu/bin/../lib/gcc/nios2-elf/5.2.0/../../../../../H-x86_64-pc-linux-gnu/nios2-elf/lib/libc.a(lib_a-atexit.o) (__register_exitproc)
/opt/altera/16.0/nios2eds/bin/gnu/H-x86_64-pc-linux-gnu/bin/../lib/gcc/nios2-elf/5.2.0/../../../../../H-x86_64-pc-linux-gnu/nios2-elf/lib/libc.a(lib_a-__call_atexit.o)
                              /opt/altera/16.0/nios2eds/bin/gnu/H-x86_64-pc-linux-gnu/bin/../lib/gcc/nios2-elf/5.2.0/../../../../../H-x86_64-pc-linux-gnu/nios2-elf/lib/libc.a(lib_a-exit.o) (__call_exitprocs)
../test_dma_bsp//libhal_bsp.a(alt_exit.o)
                              /opt/altera/16.0/nios2eds/bin/gnu/H-x86_64-pc-linux-gnu/bin/../lib/gcc/nios2-elf/5.2.0/../../../../../H-x86_64-pc-linux-gnu/nios2-elf/lib/libc.a(lib_a-exit.o) (_exit)

Allocating common symbols
Common symbol       size              file

alt_irq             0x100             ../test_dma_bsp//libhal_bsp.a(alt_irq_handler.o)
errno               0x4               /opt/altera/16.0/nios2eds/bin/gnu/H-x86_64-pc-linux-gnu/bin/../lib/gcc/nios2-elf/5.2.0/../../../../../H-x86_64-pc-linux-gnu/nios2-elf/lib/libc.a(lib_a-int_errno.o)

Memory Configuration

Name             Origin             Length             Attributes
reset            0x0000000001000000 0x0000000000000020
SDRAM_controller 0x0000000001000020 0x0000000000ffffe0
*default*        0x0000000000000000 0xffffffffffffffff

Linker script and memory map

LOAD ../test_dma_bsp//obj/HAL/src/crt0.o
LOAD obj/default/hello_world.o
LOAD /opt/altera/16.0/nios2eds/bin/gnu/H-x86_64-pc-linux-gnu/bin/../lib/gcc/nios2-elf/5.2.0/../../../../../H-x86_64-pc-linux-gnu/nios2-elf/lib/libstdc++.a
LOAD /opt/altera/16.0/nios2eds/bin/gnu/H-x86_64-pc-linux-gnu/bin/../lib/gcc/nios2-elf/5.2.0/../../../../../H-x86_64-pc-linux-gnu/nios2-elf/lib/libm.a
LOAD /opt/altera/16.0/nios2eds/bin/gnu/H-x86_64-pc-linux-gnu/bin/../lib/gcc/nios2-elf/5.2.0/libgcc.a
START GROUP
LOAD /opt/altera/16.0/nios2eds/bin/gnu/H-x86_64-pc-linux-gnu/bin/../lib/gcc/nios2-elf/5.2.0/../../../../../H-x86_64-pc-linux-gnu/nios2-elf/lib/libc.a
LOAD /opt/altera/16.0/nios2eds/bin/gnu/H-x86_64-pc-linux-gnu/bin/../lib/gcc/nios2-elf/5.2.0/libgcc.a
LOAD ../test_dma_bsp//libhal_bsp.a
LOAD /opt/altera/16.0/nios2eds/bin/gnu/H-x86_64-pc-linux-gnu/bin/../lib/gcc/nios2-elf/5.2.0/../../../../../H-x86_64-pc-linux-gnu/nios2-elf/lib/libm.a
END GROUP
LOAD /opt/altera/16.0/nios2eds/bin/gnu/H-x86_64-pc-linux-gnu/bin/../lib/gcc/nios2-elf/5.2.0/libgcc.a
                0x0000000001000000                __alt_mem_SDRAM_controller = 0x1000000

.entry          0x0000000001000000       0x20
 *(.entry)
 .entry         0x0000000001000000       0x20 ../test_dma_bsp//obj/HAL/src/crt0.o
                0x0000000001000000                __reset

.exceptions     0x0000000001000020      0x224
                0x0000000001000020                PROVIDE (__ram_exceptions_start, ABSOLUTE (.))
                0x0000000001000020                . = ALIGN (0x20)
 *(.irq)
 *(.exceptions.entry.label)
 .exceptions.entry.label
                0x0000000001000020        0x0 ../test_dma_bsp//libhal_bsp.a(alt_irq_entry.o)
                0x0000000001000020                alt_irq_entry
 .exceptions.entry.label
                0x0000000001000020        0x0 ../test_dma_bsp//libhal_bsp.a(alt_exception_entry.o)
                0x0000000001000020                alt_exception
 *(.exceptions.entry.user)
 *(.exceptions.entry.ecc_fatal)
 *(.exceptions.entry)
 .exceptions.entry
                0x0000000001000020       0x54 ../test_dma_bsp//libhal_bsp.a(alt_exception_entry.o)
 *(.exceptions.irqtest.user)
 *(.exceptions.irqtest)
 .exceptions.irqtest
                0x0000000001000074       0x10 ../test_dma_bsp//libhal_bsp.a(alt_irq_entry.o)
 *(.exceptions.irqhandler.user)
 *(.exceptions.irqhandler)
 .exceptions.irqhandler
                0x0000000001000084        0x4 ../test_dma_bsp//libhal_bsp.a(alt_irq_entry.o)
 *(.exceptions.irqreturn.user)
 *(.exceptions.irqreturn)
 .exceptions.irqreturn
                0x0000000001000088        0x4 ../test_dma_bsp//libhal_bsp.a(alt_irq_entry.o)
 *(.exceptions.notirq.label)
 .exceptions.notirq.label
                0x000000000100008c        0x0 ../test_dma_bsp//libhal_bsp.a(alt_irq_entry.o)
 *(.exceptions.notirq.user)
 *(.exceptions.notirq)
 .exceptions.notirq
                0x000000000100008c        0x8 ../test_dma_bsp//libhal_bsp.a(alt_exception_entry.o)
 *(.exceptions.soft.user)
 *(.exceptions.soft)
 *(.exceptions.unknown.user)
 *(.exceptions.unknown)
 .exceptions.unknown
                0x0000000001000094       0x14 ../test_dma_bsp//libhal_bsp.a(alt_exception_entry.o)
 *(.exceptions.exit.label)
 .exceptions.exit.label
                0x00000000010000a8        0x0 ../test_dma_bsp//libhal_bsp.a(alt_irq_entry.o)
 .exceptions.exit.label
                0x00000000010000a8        0x0 ../test_dma_bsp//libhal_bsp.a(alt_exception_entry.o)
 *(.exceptions.exit.user)
 *(.exceptions.exit)
 .exceptions.exit
                0x00000000010000a8       0x54 ../test_dma_bsp//libhal_bsp.a(alt_exception_entry.o)
 *(.exceptions)
 .exceptions    0x00000000010000fc       0xd4 ../test_dma_bsp//libhal_bsp.a(alt_irq_handler.o)
                0x00000000010000fc                alt_irq_handler
 .exceptions    0x00000000010001d0       0x74 ../test_dma_bsp//libhal_bsp.a(alt_instruction_exception_entry.o)
                0x00000000010001d0                alt_instruction_exception_entry
                0x0000000001000244                PROVIDE (__ram_exceptions_end, ABSOLUTE (.))
                0x0000000001000020                PROVIDE (__flash_exceptions_start, LOADADDR (.exceptions))

.text           0x0000000001000244     0x2a10
                [!provide]                        PROVIDE (stext, ABSOLUTE (.))
 *(.interp)
 *(.hash)
 *(.dynsym)
 *(.dynstr)
 *(.gnu.version)
 *(.gnu.version_d)
 *(.gnu.version_r)
 *(.rel.init)
 *(.rela.init)
 *(.rel.text .rel.text.* .rel.gnu.linkonce.t.*)
 *(.rela.text .rela.text.* .rela.gnu.linkonce.t.*)
 *(.rel.fini)
 *(.rela.fini)
 *(.rel.rodata .rel.rodata.* .rel.gnu.linkonce.r.*)
 *(.rela.rodata .rela.rodata.* .rela.gnu.linkonce.r.*)
 *(.rel.data .rel.data.* .rel.gnu.linkonce.d.*)
 *(.rela.data .rela.data.* .rela.gnu.linkonce.d.*)
 *(.rel.tdata .rel.tdata.* .rel.gnu.linkonce.td.*)
 *(.rela.tdata .rela.tdata.* .rela.gnu.linkonce.td.*)
 *(.rel.tbss .rel.tbss.* .rel.gnu.linkonce.tb.*)
 *(.rela.tbss .rela.tbss.* .rela.gnu.linkonce.tb.*)
 *(.rel.ctors)
 *(.rela.ctors)
 *(.rel.dtors)
 *(.rela.dtors)
 *(.rel.got)
 *(.rela.got)
 *(.rel.sdata .rel.sdata.* .rel.gnu.linkonce.s.*)
 *(.rela.sdata .rela.sdata.* .rela.gnu.linkonce.s.*)
 *(.rel.sbss .rel.sbss.* .rel.gnu.linkonce.sb.*)
 *(.rela.sbss .rela.sbss.* .rela.gnu.linkonce.sb.*)
 *(.rel.sdata2 .rel.sdata2.* .rel.gnu.linkonce.s2.*)
 *(.rela.sdata2 .rela.sdata2.* .rela.gnu.linkonce.s2.*)
 *(.rel.sbss2 .rel.sbss2.* .rel.gnu.linkonce.sb2.*)
 *(.rela.sbss2 .rela.sbss2.* .rela.gnu.linkonce.sb2.*)
 *(.rel.bss .rel.bss.* .rel.gnu.linkonce.b.*)
 *(.rela.bss .rela.bss.* .rela.gnu.linkonce.b.*)
 *(.rel.plt)
 *(.rela.plt)
 *(.rel.dyn)
 *(.init)
 *(.plt)
 *(.text .stub .text.* .gnu.linkonce.t.*)
 .text          0x0000000001000244       0x4c ../test_dma_bsp//obj/HAL/src/crt0.o
                0x0000000001000244                _start
 .text          0x0000000001000290      0x5a8 obj/default/hello_world.o
                0x0000000001000290                LCD_Write_Command
                0x00000000010002c4                LCD_Write_Data
                0x00000000010002f8                init_LCD
                0x00000000010005b0                drawImage
                0x000000000100069c                fillRed
                0x0000000001000704                setupDMAAddress
                0x0000000001000738                setupDMASize
                0x000000000100076c                startDMA
                0x000000000100079c                useDMA
                0x00000000010007e8                main
 .text          0x0000000001000838       0xec ../test_dma_bsp//libhal_bsp.a(alt_load.o)
                0x00000000010008a0                alt_load
 .text          0x0000000001000924       0x7c ../test_dma_bsp//libhal_bsp.a(alt_main.o)
                0x0000000001000924                alt_main
 .text          0x00000000010009a0       0xd4 ../test_dma_bsp//libhal_bsp.a(alt_sys_init.o)
                0x00000000010009d8                alt_irq_init
                0x0000000001000a10                alt_sys_init
 .text          0x0000000001000a74      0x164 ../test_dma_bsp//libhal_bsp.a(altera_avalon_jtag_uart_fd.o)
                0x0000000001000a74                altera_avalon_jtag_uart_read_fd
                0x0000000001000ad4                altera_avalon_jtag_uart_write_fd
                0x0000000001000b34                altera_avalon_jtag_uart_close_fd
                0x0000000001000b84                altera_avalon_jtag_uart_ioctl_fd
 .text          0x0000000001000bd8      0x3e4 ../test_dma_bsp//libhal_bsp.a(altera_avalon_jtag_uart_init.o)
                0x0000000001000bd8                altera_avalon_jtag_uart_init
                0x0000000001000f54                altera_avalon_jtag_uart_close
 .text          0x0000000001000fbc       0xf0 ../test_dma_bsp//libhal_bsp.a(altera_avalon_jtag_uart_ioctl.o)
                0x0000000001000fbc                altera_avalon_jtag_uart_ioctl
 .text          0x00000000010010ac      0x21c ../test_dma_bsp//libhal_bsp.a(altera_avalon_jtag_uart_read.o)
                0x00000000010010ac                altera_avalon_jtag_uart_read
 .text          0x00000000010012c8      0x224 ../test_dma_bsp//libhal_bsp.a(altera_avalon_jtag_uart_write.o)
                0x00000000010012c8                altera_avalon_jtag_uart_write
 .text          0x00000000010014ec      0x104 ../test_dma_bsp//libhal_bsp.a(altera_avalon_timer_sc.o)
                0x0000000001001564                alt_avalon_timer_sc_init
 .text          0x00000000010015f0      0x140 ../test_dma_bsp//libhal_bsp.a(alt_alarm_start.o)
                0x00000000010015f0                alt_alarm_start
 .text          0x0000000001001730      0x120 ../test_dma_bsp//libhal_bsp.a(alt_close.o)
                0x0000000001001780                close
 .text          0x0000000001001850       0x48 ../test_dma_bsp//libhal_bsp.a(alt_dcache_flush_all.o)
                0x0000000001001850                alt_dcache_flush_all
 .text          0x0000000001001898       0x2c ../test_dma_bsp//libhal_bsp.a(alt_dev.o)
 .text          0x00000000010018c4       0xf4 ../test_dma_bsp//libhal_bsp.a(alt_dev_llist_insert.o)
                0x0000000001001914                alt_dev_llist_insert
 .text          0x00000000010019b8       0x60 ../test_dma_bsp//libhal_bsp.a(alt_do_ctors.o)
                0x00000000010019b8                _do_ctors
 .text          0x0000000001001a18       0x60 ../test_dma_bsp//libhal_bsp.a(alt_do_dtors.o)
                0x0000000001001a18                _do_dtors
 .text          0x0000000001001a78        0x0 ../test_dma_bsp//libhal_bsp.a(alt_errno.o)
 .text          0x0000000001001a78       0x34 ../test_dma_bsp//libhal_bsp.a(alt_icache_flush_all.o)
                0x0000000001001a78                alt_icache_flush_all
 .text          0x0000000001001aac      0x1e0 ../test_dma_bsp//libhal_bsp.a(alt_iic.o)
                0x0000000001001aac                alt_ic_isr_register
                0x0000000001001afc                alt_ic_irq_enable
                0x0000000001001b9c                alt_ic_irq_disable
                0x0000000001001c40                alt_ic_irq_enabled
 .text          0x0000000001001c8c       0xf0 ../test_dma_bsp//libhal_bsp.a(alt_iic_isr_register.o)
                0x0000000001001c8c                alt_iic_isr_register
 .text          0x0000000001001d7c      0x140 ../test_dma_bsp//libhal_bsp.a(alt_io_redirect.o)
                0x0000000001001e40                alt_io_redirect
 .text          0x0000000001001ebc        0x0 ../test_dma_bsp//libhal_bsp.a(alt_irq_entry.o)
 .text          0x0000000001001ebc        0x0 ../test_dma_bsp//libhal_bsp.a(alt_irq_handler.o)
 .text          0x0000000001001ebc        0x0 ../test_dma_bsp//libhal_bsp.a(alt_irq_vars.o)
 .text          0x0000000001001ebc      0x274 ../test_dma_bsp//libhal_bsp.a(alt_open.o)
                0x0000000001001fd8                open
 .text          0x0000000001002130       0x64 ../test_dma_bsp//libhal_bsp.a(alt_release_fd.o)
                0x0000000001002130                alt_release_fd
 .text          0x0000000001002194      0x1a4 ../test_dma_bsp//libhal_bsp.a(alt_tick.o)
                0x0000000001002194                alt_alarm_stop
                0x0000000001002230                alt_tick
 .text          0x0000000001002338       0x24 ../test_dma_bsp//libhal_bsp.a(altera_nios2_gen2_irq.o)
                0x0000000001002338                altera_nios2_gen2_irq_init
 .text          0x000000000100235c        0x0 ../test_dma_bsp//libhal_bsp.a(alt_exception_entry.o)
 .text          0x000000000100235c       0x90 ../test_dma_bsp//libhal_bsp.a(alt_find_dev.o)
                0x000000000100235c                alt_find_dev
 .text          0x00000000010023ec      0x114 ../test_dma_bsp//libhal_bsp.a(alt_find_file.o)
                0x00000000010023ec                alt_find_file
 .text          0x0000000001002500       0xb4 ../test_dma_bsp//libhal_bsp.a(alt_get_fd.o)
                0x0000000001002500                alt_get_fd
 .text          0x00000000010025b4       0x90 ../test_dma_bsp//libhal_bsp.a(alt_icache_flush.o)
                0x00000000010025b4                alt_icache_flush
 .text          0x0000000001002644       0x9c ../test_dma_bsp//libhal_bsp.a(alt_instruction_exception_entry.o)
                0x0000000001002644                alt_exception_cause_generated_bad_addr
 .text          0x00000000010026e0        0x0 /opt/altera/16.0/nios2eds/bin/gnu/H-x86_64-pc-linux-gnu/bin/../lib/gcc/nios2-elf/5.2.0/../../../../../H-x86_64-pc-linux-gnu/nios2-elf/lib/libc.a(lib_a-atexit.o)
 .text.atexit   0x00000000010026e0       0x14 /opt/altera/16.0/nios2eds/bin/gnu/H-x86_64-pc-linux-gnu/bin/../lib/gcc/nios2-elf/5.2.0/../../../../../H-x86_64-pc-linux-gnu/nios2-elf/lib/libc.a(lib_a-atexit.o)
                0x00000000010026e0                atexit
 .text          0x00000000010026f4        0x0 /opt/altera/16.0/nios2eds/bin/gnu/H-x86_64-pc-linux-gnu/bin/../lib/gcc/nios2-elf/5.2.0/../../../../../H-x86_64-pc-linux-gnu/nios2-elf/lib/libc.a(lib_a-exit.o)
 .text.exit     0x00000000010026f4       0x38 /opt/altera/16.0/nios2eds/bin/gnu/H-x86_64-pc-linux-gnu/bin/../lib/gcc/nios2-elf/5.2.0/../../../../../H-x86_64-pc-linux-gnu/nios2-elf/lib/libc.a(lib_a-exit.o)
                0x00000000010026f4                exit
 .text          0x000000000100272c        0x0 /opt/altera/16.0/nios2eds/bin/gnu/H-x86_64-pc-linux-gnu/bin/../lib/gcc/nios2-elf/5.2.0/../../../../../H-x86_64-pc-linux-gnu/nios2-elf/lib/libc.a(lib_a-impure.o)
 .text          0x000000000100272c        0x0 /opt/altera/16.0/nios2eds/bin/gnu/H-x86_64-pc-linux-gnu/bin/../lib/gcc/nios2-elf/5.2.0/../../../../../H-x86_64-pc-linux-gnu/nios2-elf/lib/libc.a(lib_a-int_errno.o)
 .text          0x000000000100272c        0x0 /opt/altera/16.0/nios2eds/bin/gnu/H-x86_64-pc-linux-gnu/bin/../lib/gcc/nios2-elf/5.2.0/../../../../../H-x86_64-pc-linux-gnu/nios2-elf/lib/libc.a(lib_a-memcmp.o)
 .text.memcmp   0x000000000100272c       0x7c /opt/altera/16.0/nios2eds/bin/gnu/H-x86_64-pc-linux-gnu/bin/../lib/gcc/nios2-elf/5.2.0/../../../../../H-x86_64-pc-linux-gnu/nios2-elf/lib/libc.a(lib_a-memcmp.o)
                0x000000000100272c                memcmp
 .text          0x00000000010027a8        0x0 /opt/altera/16.0/nios2eds/bin/gnu/H-x86_64-pc-linux-gnu/bin/../lib/gcc/nios2-elf/5.2.0/../../../../../H-x86_64-pc-linux-gnu/nios2-elf/lib/libc.a(lib_a-memcpy.o)
 .text.memcpy   0x00000000010027a8      0x148 /opt/altera/16.0/nios2eds/bin/gnu/H-x86_64-pc-linux-gnu/bin/../lib/gcc/nios2-elf/5.2.0/../../../../../H-x86_64-pc-linux-gnu/nios2-elf/lib/libc.a(lib_a-memcpy.o)
                0x00000000010027a8                memcpy
 .text          0x00000000010028f0        0x0 /opt/altera/16.0/nios2eds/bin/gnu/H-x86_64-pc-linux-gnu/bin/../lib/gcc/nios2-elf/5.2.0/../../../../../H-x86_64-pc-linux-gnu/nios2-elf/lib/libc.a(lib_a-strlen.o)
 .text.strlen   0x00000000010028f0       0x98 /opt/altera/16.0/nios2eds/bin/gnu/H-x86_64-pc-linux-gnu/bin/../lib/gcc/nios2-elf/5.2.0/../../../../../H-x86_64-pc-linux-gnu/nios2-elf/lib/libc.a(lib_a-strlen.o)
                0x00000000010028f0                strlen
 .text          0x0000000001002988        0x0 /opt/altera/16.0/nios2eds/bin/gnu/H-x86_64-pc-linux-gnu/bin/../lib/gcc/nios2-elf/5.2.0/../../../../../H-x86_64-pc-linux-gnu/nios2-elf/lib/libc.a(lib_a-__atexit.o)
 .text.__register_exitproc
                0x0000000001002988      0x118 /opt/altera/16.0/nios2eds/bin/gnu/H-x86_64-pc-linux-gnu/bin/../lib/gcc/nios2-elf/5.2.0/../../../../../H-x86_64-pc-linux-gnu/nios2-elf/lib/libc.a(lib_a-__atexit.o)
                0x0000000001002988                __register_exitproc
 .text          0x0000000001002aa0        0x0 /opt/altera/16.0/nios2eds/bin/gnu/H-x86_64-pc-linux-gnu/bin/../lib/gcc/nios2-elf/5.2.0/../../../../../H-x86_64-pc-linux-gnu/nios2-elf/lib/libc.a(lib_a-__call_atexit.o)
 .text.__call_exitprocs
                0x0000000001002aa0      0x180 /opt/altera/16.0/nios2eds/bin/gnu/H-x86_64-pc-linux-gnu/bin/../lib/gcc/nios2-elf/5.2.0/../../../../../H-x86_64-pc-linux-gnu/nios2-elf/lib/libc.a(lib_a-__call_atexit.o)
                0x0000000001002aa0                __call_exitprocs
 .text          0x0000000001002c20       0x34 ../test_dma_bsp//libhal_bsp.a(alt_exit.o)
                0x0000000001002c20                _exit
 *(.gnu.warning.*)
 *(.fini)
                [!provide]                        PROVIDE (__etext, ABSOLUTE (.))
                [!provide]                        PROVIDE (_etext, ABSOLUTE (.))
                [!provide]                        PROVIDE (etext, ABSOLUTE (.))
 *(.eh_frame_hdr)
                0x0000000001002c54                . = ALIGN (0x4)
                [!provide]                        PROVIDE (__preinit_array_start, ABSOLUTE (.))
 *(.preinit_array)
                [!provide]                        PROVIDE (__preinit_array_end, ABSOLUTE (.))
                [!provide]                        PROVIDE (__init_array_start, ABSOLUTE (.))
 *(.init_array)
                [!provide]                        PROVIDE (__init_array_end, ABSOLUTE (.))
                [!provide]                        PROVIDE (__fini_array_start, ABSOLUTE (.))
 *(.fini_array)
                [!provide]                        PROVIDE (__fini_array_end, ABSOLUTE (.))
 *(.eh_frame)
 *(.gcc_except_table .gcc_except_table.*)
 *(.dynamic)
                0x0000000001002c54                PROVIDE (__CTOR_LIST__, ABSOLUTE (.))
 *(.ctors)
 *(SORT(.ctors.*))
                0x0000000001002c54                PROVIDE (__CTOR_END__, ABSOLUTE (.))
                0x0000000001002c54                PROVIDE (__DTOR_LIST__, ABSOLUTE (.))
 *(.dtors)
 *(SORT(.dtors.*))
                0x0000000001002c54                PROVIDE (__DTOR_END__, ABSOLUTE (.))
 *(.jcr)
                0x0000000001002c54                . = ALIGN (0x4)

.rodata         0x0000000001002c54    0x25840
                0x0000000001002c54                PROVIDE (__ram_rodata_start, ABSOLUTE (.))
                0x0000000001002c54                . = ALIGN (0x4)
 *(.rodata .rodata.* .gnu.linkonce.r.*)
 .rodata        0x0000000001002c54    0x25810 obj/default/hello_world.o
 .rodata        0x0000000001028464        0xf ../test_dma_bsp//libhal_bsp.a(alt_main.o)
 *fill*         0x0000000001028473        0x1 
 .rodata        0x0000000001028474        0xf ../test_dma_bsp//libhal_bsp.a(alt_sys_init.o)
 *fill*         0x0000000001028483        0x1 
 .rodata        0x0000000001028484        0xa ../test_dma_bsp//libhal_bsp.a(alt_dev.o)
 *fill*         0x000000000102848e        0x2 
 .rodata.str1.4
                0x0000000001028490        0x4 /opt/altera/16.0/nios2eds/bin/gnu/H-x86_64-pc-linux-gnu/bin/../lib/gcc/nios2-elf/5.2.0/../../../../../H-x86_64-pc-linux-gnu/nios2-elf/lib/libc.a(lib_a-impure.o)
                                          0x2 (size before relaxing)
 *(.rodata1)
                0x0000000001028494                . = ALIGN (0x4)
                0x0000000001028494                PROVIDE (__ram_rodata_end, ABSOLUTE (.))
                0x0000000001002c54                PROVIDE (__flash_rodata_start, LOADADDR (.rodata))

.rwdata         0x0000000001028494     0x1660 load address 0x0000000001029af4
                0x0000000001028494                PROVIDE (__ram_rwdata_start, ABSOLUTE (.))
                0x0000000001028494                . = ALIGN (0x4)
 *(.got.plt)
 *(.got)
 *(.data1)
 *(.data .data.* .gnu.linkonce.d.*)
 .data          0x0000000001028494        0x0 ../test_dma_bsp//obj/HAL/src/crt0.o
 .data          0x0000000001028494        0x0 obj/default/hello_world.o
 .data          0x0000000001028494        0x0 ../test_dma_bsp//libhal_bsp.a(alt_load.o)
 .data          0x0000000001028494        0x0 ../test_dma_bsp//libhal_bsp.a(alt_main.o)
 .data          0x0000000001028494     0x1060 ../test_dma_bsp//libhal_bsp.a(alt_sys_init.o)
 .data          0x00000000010294f4        0x0 ../test_dma_bsp//libhal_bsp.a(altera_avalon_jtag_uart_fd.o)
 .data          0x00000000010294f4        0x0 ../test_dma_bsp//libhal_bsp.a(altera_avalon_jtag_uart_init.o)
 .data          0x00000000010294f4        0x0 ../test_dma_bsp//libhal_bsp.a(altera_avalon_jtag_uart_ioctl.o)
 .data          0x00000000010294f4        0x0 ../test_dma_bsp//libhal_bsp.a(altera_avalon_jtag_uart_read.o)
 .data          0x00000000010294f4        0x0 ../test_dma_bsp//libhal_bsp.a(altera_avalon_jtag_uart_write.o)
 .data          0x00000000010294f4        0x0 ../test_dma_bsp//libhal_bsp.a(altera_avalon_timer_sc.o)
 .data          0x00000000010294f4        0x0 ../test_dma_bsp//libhal_bsp.a(alt_alarm_start.o)
 .data          0x00000000010294f4        0x0 ../test_dma_bsp//libhal_bsp.a(alt_close.o)
 .data          0x00000000010294f4        0x0 ../test_dma_bsp//libhal_bsp.a(alt_dcache_flush_all.o)
 .data          0x00000000010294f4      0x1a8 ../test_dma_bsp//libhal_bsp.a(alt_dev.o)
                0x00000000010294f4                alt_dev_null
                0x000000000102951c                alt_fd_list
 .data          0x000000000102969c        0x0 ../test_dma_bsp//libhal_bsp.a(alt_dev_llist_insert.o)
 .data          0x000000000102969c        0x0 ../test_dma_bsp//libhal_bsp.a(alt_do_ctors.o)
 .data          0x000000000102969c        0x0 ../test_dma_bsp//libhal_bsp.a(alt_do_dtors.o)
 .data          0x000000000102969c        0x0 ../test_dma_bsp//libhal_bsp.a(alt_errno.o)
 .data          0x000000000102969c        0x0 ../test_dma_bsp//libhal_bsp.a(alt_icache_flush_all.o)
 .data          0x000000000102969c        0x0 ../test_dma_bsp//libhal_bsp.a(alt_iic.o)
 .data          0x000000000102969c        0x0 ../test_dma_bsp//libhal_bsp.a(alt_iic_isr_register.o)
 .data          0x000000000102969c        0x0 ../test_dma_bsp//libhal_bsp.a(alt_io_redirect.o)
 .data          0x000000000102969c        0x0 ../test_dma_bsp//libhal_bsp.a(alt_irq_entry.o)
 .data          0x000000000102969c        0x0 ../test_dma_bsp//libhal_bsp.a(alt_irq_handler.o)
 .data          0x000000000102969c        0x0 ../test_dma_bsp//libhal_bsp.a(alt_irq_vars.o)
 .data          0x000000000102969c        0x0 ../test_dma_bsp//libhal_bsp.a(alt_open.o)
 .data          0x000000000102969c        0x0 ../test_dma_bsp//libhal_bsp.a(alt_release_fd.o)
 .data          0x000000000102969c        0x0 ../test_dma_bsp//libhal_bsp.a(alt_tick.o)
 .data          0x000000000102969c        0x0 ../test_dma_bsp//libhal_bsp.a(altera_nios2_gen2_irq.o)
 .data          0x000000000102969c        0x0 ../test_dma_bsp//libhal_bsp.a(alt_exception_entry.o)
 .data          0x000000000102969c        0x0 ../test_dma_bsp//libhal_bsp.a(alt_find_dev.o)
 .data          0x000000000102969c        0x0 ../test_dma_bsp//libhal_bsp.a(alt_find_file.o)
 .data          0x000000000102969c        0x0 ../test_dma_bsp//libhal_bsp.a(alt_get_fd.o)
 .data          0x000000000102969c        0x0 ../test_dma_bsp//libhal_bsp.a(alt_icache_flush.o)
 .data          0x000000000102969c        0x0 ../test_dma_bsp//libhal_bsp.a(alt_instruction_exception_entry.o)
 .data          0x000000000102969c        0x0 /opt/altera/16.0/nios2eds/bin/gnu/H-x86_64-pc-linux-gnu/bin/../lib/gcc/nios2-elf/5.2.0/../../../../../H-x86_64-pc-linux-gnu/nios2-elf/lib/libc.a(lib_a-atexit.o)
 .data          0x000000000102969c        0x0 /opt/altera/16.0/nios2eds/bin/gnu/H-x86_64-pc-linux-gnu/bin/../lib/gcc/nios2-elf/5.2.0/../../../../../H-x86_64-pc-linux-gnu/nios2-elf/lib/libc.a(lib_a-exit.o)
 .data          0x000000000102969c        0x0 /opt/altera/16.0/nios2eds/bin/gnu/H-x86_64-pc-linux-gnu/bin/../lib/gcc/nios2-elf/5.2.0/../../../../../H-x86_64-pc-linux-gnu/nios2-elf/lib/libc.a(lib_a-impure.o)
 .data.impure_data
                0x000000000102969c      0x424 /opt/altera/16.0/nios2eds/bin/gnu/H-x86_64-pc-linux-gnu/bin/../lib/gcc/nios2-elf/5.2.0/../../../../../H-x86_64-pc-linux-gnu/nios2-elf/lib/libc.a(lib_a-impure.o)
 .data          0x0000000001029ac0        0x0 /opt/altera/16.0/nios2eds/bin/gnu/H-x86_64-pc-linux-gnu/bin/../lib/gcc/nios2-elf/5.2.0/../../../../../H-x86_64-pc-linux-gnu/nios2-elf/lib/libc.a(lib_a-int_errno.o)
 .data          0x0000000001029ac0        0x0 /opt/altera/16.0/nios2eds/bin/gnu/H-x86_64-pc-linux-gnu/bin/../lib/gcc/nios2-elf/5.2.0/../../../../../H-x86_64-pc-linux-gnu/nios2-elf/lib/libc.a(lib_a-memcmp.o)
 .data          0x0000000001029ac0        0x0 /opt/altera/16.0/nios2eds/bin/gnu/H-x86_64-pc-linux-gnu/bin/../lib/gcc/nios2-elf/5.2.0/../../../../../H-x86_64-pc-linux-gnu/nios2-elf/lib/libc.a(lib_a-memcpy.o)
 .data          0x0000000001029ac0        0x0 /opt/altera/16.0/nios2eds/bin/gnu/H-x86_64-pc-linux-gnu/bin/../lib/gcc/nios2-elf/5.2.0/../../../../../H-x86_64-pc-linux-gnu/nios2-elf/lib/libc.a(lib_a-strlen.o)
 .data          0x0000000001029ac0        0x0 /opt/altera/16.0/nios2eds/bin/gnu/H-x86_64-pc-linux-gnu/bin/../lib/gcc/nios2-elf/5.2.0/../../../../../H-x86_64-pc-linux-gnu/nios2-elf/lib/libc.a(lib_a-__atexit.o)
 .data          0x0000000001029ac0        0x0 /opt/altera/16.0/nios2eds/bin/gnu/H-x86_64-pc-linux-gnu/bin/../lib/gcc/nios2-elf/5.2.0/../../../../../H-x86_64-pc-linux-gnu/nios2-elf/lib/libc.a(lib_a-__call_atexit.o)
 .data          0x0000000001029ac0        0x0 ../test_dma_bsp//libhal_bsp.a(alt_exit.o)
                0x0000000001031ac0                _gp = ABSOLUTE ((. + 0x8000))
                [!provide]                        PROVIDE (gp, _gp)
 *(.rwdata .rwdata.*)
 *(.sdata .sdata.* .gnu.linkonce.s.*)
 .sdata         0x0000000001029ac0        0x8 obj/default/hello_world.o
                0x0000000001029ac0                GPIO_WRITE_OFFSET
                0x0000000001029ac4                GPIO_CLEAR_OFFSET
 .sdata         0x0000000001029ac8       0x14 ../test_dma_bsp//libhal_bsp.a(alt_dev.o)
                0x0000000001029ac8                alt_fs_list
                0x0000000001029ad0                alt_dev_list
                0x0000000001029ad8                alt_max_fd
 .sdata         0x0000000001029adc        0x4 ../test_dma_bsp//libhal_bsp.a(alt_errno.o)
                0x0000000001029adc                alt_errno
 .sdata         0x0000000001029ae0        0x4 ../test_dma_bsp//libhal_bsp.a(alt_irq_vars.o)
                0x0000000001029ae0                alt_priority_mask
 .sdata         0x0000000001029ae4        0x8 ../test_dma_bsp//libhal_bsp.a(alt_tick.o)
                0x0000000001029ae4                alt_alarm_list
 .sdata._global_impure_ptr
                0x0000000001029aec        0x4 /opt/altera/16.0/nios2eds/bin/gnu/H-x86_64-pc-linux-gnu/bin/../lib/gcc/nios2-elf/5.2.0/../../../../../H-x86_64-pc-linux-gnu/nios2-elf/lib/libc.a(lib_a-impure.o)
                0x0000000001029aec                _global_impure_ptr
 .sdata._impure_ptr
                0x0000000001029af0        0x4 /opt/altera/16.0/nios2eds/bin/gnu/H-x86_64-pc-linux-gnu/bin/../lib/gcc/nios2-elf/5.2.0/../../../../../H-x86_64-pc-linux-gnu/nios2-elf/lib/libc.a(lib_a-impure.o)
                0x0000000001029af0                _impure_ptr
 *(.sdata2 .sdata2.* .gnu.linkonce.s2.*)
                0x0000000001029af4                . = ALIGN (0x4)
                0x0000000001029af4                _edata = ABSOLUTE (.)
                [!provide]                        PROVIDE (edata, ABSOLUTE (.))
                0x0000000001029af4                PROVIDE (__ram_rwdata_end, ABSOLUTE (.))
                0x0000000001029af4                PROVIDE (__flash_rwdata_start, LOADADDR (.rwdata))

.bss            0x000000000102b154      0x120
                0x000000000102b154                __bss_start = ABSOLUTE (.)
                [!provide]                        PROVIDE (__sbss_start, ABSOLUTE (.))
                [!provide]                        PROVIDE (___sbss_start, ABSOLUTE (.))
 *(.dynsbss)
 *(.sbss .sbss.* .gnu.linkonce.sb.*)
 .sbss          0x000000000102b154        0xc ../test_dma_bsp//libhal_bsp.a(alt_main.o)
                0x000000000102b154                alt_argc
                0x000000000102b158                alt_argv
                0x000000000102b15c                alt_envp
 .sbss          0x000000000102b160        0x4 ../test_dma_bsp//libhal_bsp.a(alt_irq_vars.o)
                0x000000000102b160                alt_irq_active
 .sbss          0x000000000102b164        0x8 ../test_dma_bsp//libhal_bsp.a(alt_tick.o)
                0x000000000102b164                _alt_tick_rate
                0x000000000102b168                _alt_nticks
 .sbss          0x000000000102b16c        0x4 ../test_dma_bsp//libhal_bsp.a(alt_instruction_exception_entry.o)
                0x000000000102b16c                alt_instruction_exception_handler
 .sbss          0x000000000102b170        0x4 /opt/altera/16.0/nios2eds/bin/gnu/H-x86_64-pc-linux-gnu/bin/../lib/gcc/nios2-elf/5.2.0/../../../../../H-x86_64-pc-linux-gnu/nios2-elf/lib/libc.a(lib_a-int_errno.o)
                0x000000000102b170                errno
 *(.sbss2 .sbss2.* .gnu.linkonce.sb2.*)
 *(.scommon)
                [!provide]                        PROVIDE (__sbss_end, ABSOLUTE (.))
                [!provide]                        PROVIDE (___sbss_end, ABSOLUTE (.))
 *(.dynbss)
 *(.bss .bss.* .gnu.linkonce.b.*)
 .bss           0x000000000102b174        0x0 ../test_dma_bsp//obj/HAL/src/crt0.o
 .bss           0x000000000102b174        0x0 obj/default/hello_world.o
 .bss           0x000000000102b174        0x0 ../test_dma_bsp//libhal_bsp.a(alt_load.o)
 .bss           0x000000000102b174        0x0 ../test_dma_bsp//libhal_bsp.a(alt_main.o)
 .bss           0x000000000102b174        0x0 ../test_dma_bsp//libhal_bsp.a(alt_sys_init.o)
 .bss           0x000000000102b174        0x0 ../test_dma_bsp//libhal_bsp.a(altera_avalon_jtag_uart_fd.o)
 .bss           0x000000000102b174        0x0 ../test_dma_bsp//libhal_bsp.a(altera_avalon_jtag_uart_init.o)
 .bss           0x000000000102b174        0x0 ../test_dma_bsp//libhal_bsp.a(altera_avalon_jtag_uart_ioctl.o)
 .bss           0x000000000102b174        0x0 ../test_dma_bsp//libhal_bsp.a(altera_avalon_jtag_uart_read.o)
 .bss           0x000000000102b174        0x0 ../test_dma_bsp//libhal_bsp.a(altera_avalon_jtag_uart_write.o)
 .bss           0x000000000102b174        0x0 ../test_dma_bsp//libhal_bsp.a(altera_avalon_timer_sc.o)
 .bss           0x000000000102b174        0x0 ../test_dma_bsp//libhal_bsp.a(alt_alarm_start.o)
 .bss           0x000000000102b174        0x0 ../test_dma_bsp//libhal_bsp.a(alt_close.o)
 .bss           0x000000000102b174        0x0 ../test_dma_bsp//libhal_bsp.a(alt_dcache_flush_all.o)
 .bss           0x000000000102b174        0x0 ../test_dma_bsp//libhal_bsp.a(alt_dev.o)
 .bss           0x000000000102b174        0x0 ../test_dma_bsp//libhal_bsp.a(alt_dev_llist_insert.o)
 .bss           0x000000000102b174        0x0 ../test_dma_bsp//libhal_bsp.a(alt_do_ctors.o)
 .bss           0x000000000102b174        0x0 ../test_dma_bsp//libhal_bsp.a(alt_do_dtors.o)
 .bss           0x000000000102b174        0x0 ../test_dma_bsp//libhal_bsp.a(alt_errno.o)
 .bss           0x000000000102b174        0x0 ../test_dma_bsp//libhal_bsp.a(alt_icache_flush_all.o)
 .bss           0x000000000102b174        0x0 ../test_dma_bsp//libhal_bsp.a(alt_iic.o)
 .bss           0x000000000102b174        0x0 ../test_dma_bsp//libhal_bsp.a(alt_iic_isr_register.o)
 .bss           0x000000000102b174        0x0 ../test_dma_bsp//libhal_bsp.a(alt_io_redirect.o)
 .bss           0x000000000102b174        0x0 ../test_dma_bsp//libhal_bsp.a(alt_irq_entry.o)
 .bss           0x000000000102b174        0x0 ../test_dma_bsp//libhal_bsp.a(alt_irq_handler.o)
 .bss           0x000000000102b174        0x0 ../test_dma_bsp//libhal_bsp.a(alt_irq_vars.o)
 .bss           0x000000000102b174        0x0 ../test_dma_bsp//libhal_bsp.a(alt_open.o)
 .bss           0x000000000102b174        0x0 ../test_dma_bsp//libhal_bsp.a(alt_release_fd.o)
 .bss           0x000000000102b174        0x0 ../test_dma_bsp//libhal_bsp.a(alt_tick.o)
 .bss           0x000000000102b174        0x0 ../test_dma_bsp//libhal_bsp.a(altera_nios2_gen2_irq.o)
 .bss           0x000000000102b174        0x0 ../test_dma_bsp//libhal_bsp.a(alt_exception_entry.o)
 .bss           0x000000000102b174        0x0 ../test_dma_bsp//libhal_bsp.a(alt_find_dev.o)
 .bss           0x000000000102b174        0x0 ../test_dma_bsp//libhal_bsp.a(alt_find_file.o)
 .bss           0x000000000102b174        0x0 ../test_dma_bsp//libhal_bsp.a(alt_get_fd.o)
 .bss           0x000000000102b174        0x0 ../test_dma_bsp//libhal_bsp.a(alt_icache_flush.o)
 .bss           0x000000000102b174        0x0 ../test_dma_bsp//libhal_bsp.a(alt_instruction_exception_entry.o)
 .bss           0x000000000102b174        0x0 /opt/altera/16.0/nios2eds/bin/gnu/H-x86_64-pc-linux-gnu/bin/../lib/gcc/nios2-elf/5.2.0/../../../../../H-x86_64-pc-linux-gnu/nios2-elf/lib/libc.a(lib_a-atexit.o)
 .bss           0x000000000102b174        0x0 /opt/altera/16.0/nios2eds/bin/gnu/H-x86_64-pc-linux-gnu/bin/../lib/gcc/nios2-elf/5.2.0/../../../../../H-x86_64-pc-linux-gnu/nios2-elf/lib/libc.a(lib_a-exit.o)
 .bss           0x000000000102b174        0x0 /opt/altera/16.0/nios2eds/bin/gnu/H-x86_64-pc-linux-gnu/bin/../lib/gcc/nios2-elf/5.2.0/../../../../../H-x86_64-pc-linux-gnu/nios2-elf/lib/libc.a(lib_a-impure.o)
 .bss           0x000000000102b174        0x0 /opt/altera/16.0/nios2eds/bin/gnu/H-x86_64-pc-linux-gnu/bin/../lib/gcc/nios2-elf/5.2.0/../../../../../H-x86_64-pc-linux-gnu/nios2-elf/lib/libc.a(lib_a-int_errno.o)
 .bss           0x000000000102b174        0x0 /opt/altera/16.0/nios2eds/bin/gnu/H-x86_64-pc-linux-gnu/bin/../lib/gcc/nios2-elf/5.2.0/../../../../../H-x86_64-pc-linux-gnu/nios2-elf/lib/libc.a(lib_a-memcmp.o)
 .bss           0x000000000102b174        0x0 /opt/altera/16.0/nios2eds/bin/gnu/H-x86_64-pc-linux-gnu/bin/../lib/gcc/nios2-elf/5.2.0/../../../../../H-x86_64-pc-linux-gnu/nios2-elf/lib/libc.a(lib_a-memcpy.o)
 .bss           0x000000000102b174        0x0 /opt/altera/16.0/nios2eds/bin/gnu/H-x86_64-pc-linux-gnu/bin/../lib/gcc/nios2-elf/5.2.0/../../../../../H-x86_64-pc-linux-gnu/nios2-elf/lib/libc.a(lib_a-strlen.o)
 .bss           0x000000000102b174        0x0 /opt/altera/16.0/nios2eds/bin/gnu/H-x86_64-pc-linux-gnu/bin/../lib/gcc/nios2-elf/5.2.0/../../../../../H-x86_64-pc-linux-gnu/nios2-elf/lib/libc.a(lib_a-__atexit.o)
 .bss           0x000000000102b174        0x0 /opt/altera/16.0/nios2eds/bin/gnu/H-x86_64-pc-linux-gnu/bin/../lib/gcc/nios2-elf/5.2.0/../../../../../H-x86_64-pc-linux-gnu/nios2-elf/lib/libc.a(lib_a-__call_atexit.o)
 .bss           0x000000000102b174        0x0 ../test_dma_bsp//libhal_bsp.a(alt_exit.o)
 *(COMMON)
 COMMON         0x000000000102b174      0x100 ../test_dma_bsp//libhal_bsp.a(alt_irq_handler.o)
                0x000000000102b174                alt_irq
                0x000000000102b274                . = ALIGN (0x4)
                0x000000000102b274                __bss_end = ABSOLUTE (.)

.SDRAM_controller
                0x000000000102b274        0x0
                [!provide]                        PROVIDE (_alt_partition_SDRAM_controller_start, ABSOLUTE (.))
 *(.SDRAM_controller .SDRAM_controller. SDRAM_controller.*)
                0x000000000102b274                . = ALIGN (0x4)
                [!provide]                        PROVIDE (_alt_partition_SDRAM_controller_end, ABSOLUTE (.))
                0x000000000102b274                _end = ABSOLUTE (.)
                0x000000000102b274                end = ABSOLUTE (.)
                0x000000000102b274                __alt_stack_base = ABSOLUTE (.)
                [!provide]                        PROVIDE (_alt_partition_SDRAM_controller_load_addr, LOADADDR (.SDRAM_controller))

.stab
 *(.stab)

.stabstr
 *(.stabstr)

.stab.excl
 *(.stab.excl)

.stab.exclstr
 *(.stab.exclstr)

.stab.index
 *(.stab.index)

.stab.indexstr
 *(.stab.indexstr)

.comment        0x0000000000000000       0x23
 *(.comment)
 .comment       0x0000000000000000       0x23 obj/default/hello_world.o
                                         0x24 (size before relaxing)
 .comment       0x0000000000000023       0x24 ../test_dma_bsp//libhal_bsp.a(alt_load.o)
 .comment       0x0000000000000023       0x24 ../test_dma_bsp//libhal_bsp.a(alt_main.o)
 .comment       0x0000000000000023       0x24 ../test_dma_bsp//libhal_bsp.a(alt_sys_init.o)
 .comment       0x0000000000000023       0x24 ../test_dma_bsp//libhal_bsp.a(altera_avalon_jtag_uart_fd.o)
 .comment       0x0000000000000023       0x24 ../test_dma_bsp//libhal_bsp.a(altera_avalon_jtag_uart_init.o)
 .comment       0x0000000000000023       0x24 ../test_dma_bsp//libhal_bsp.a(altera_avalon_jtag_uart_ioctl.o)
 .comment       0x0000000000000023       0x24 ../test_dma_bsp//libhal_bsp.a(altera_avalon_jtag_uart_read.o)
 .comment       0x0000000000000023       0x24 ../test_dma_bsp//libhal_bsp.a(altera_avalon_jtag_uart_write.o)
 .comment       0x0000000000000023       0x24 ../test_dma_bsp//libhal_bsp.a(altera_avalon_timer_sc.o)
 .comment       0x0000000000000023       0x24 ../test_dma_bsp//libhal_bsp.a(alt_alarm_start.o)
 .comment       0x0000000000000023       0x24 ../test_dma_bsp//libhal_bsp.a(alt_close.o)
 .comment       0x0000000000000023       0x24 ../test_dma_bsp//libhal_bsp.a(alt_dcache_flush_all.o)
 .comment       0x0000000000000023       0x24 ../test_dma_bsp//libhal_bsp.a(alt_dev.o)
 .comment       0x0000000000000023       0x24 ../test_dma_bsp//libhal_bsp.a(alt_dev_llist_insert.o)
 .comment       0x0000000000000023       0x24 ../test_dma_bsp//libhal_bsp.a(alt_do_ctors.o)
 .comment       0x0000000000000023       0x24 ../test_dma_bsp//libhal_bsp.a(alt_do_dtors.o)
 .comment       0x0000000000000023       0x24 ../test_dma_bsp//libhal_bsp.a(alt_errno.o)
 .comment       0x0000000000000023       0x24 ../test_dma_bsp//libhal_bsp.a(alt_icache_flush_all.o)
 .comment       0x0000000000000023       0x24 ../test_dma_bsp//libhal_bsp.a(alt_iic.o)
 .comment       0x0000000000000023       0x24 ../test_dma_bsp//libhal_bsp.a(alt_iic_isr_register.o)
 .comment       0x0000000000000023       0x24 ../test_dma_bsp//libhal_bsp.a(alt_io_redirect.o)
 .comment       0x0000000000000023       0x24 ../test_dma_bsp//libhal_bsp.a(alt_irq_handler.o)
 .comment       0x0000000000000023       0x24 ../test_dma_bsp//libhal_bsp.a(alt_irq_vars.o)
 .comment       0x0000000000000023       0x24 ../test_dma_bsp//libhal_bsp.a(alt_open.o)
 .comment       0x0000000000000023       0x24 ../test_dma_bsp//libhal_bsp.a(alt_release_fd.o)
 .comment       0x0000000000000023       0x24 ../test_dma_bsp//libhal_bsp.a(alt_tick.o)
 .comment       0x0000000000000023       0x24 ../test_dma_bsp//libhal_bsp.a(altera_nios2_gen2_irq.o)
 .comment       0x0000000000000023       0x24 ../test_dma_bsp//libhal_bsp.a(alt_find_dev.o)
 .comment       0x0000000000000023       0x24 ../test_dma_bsp//libhal_bsp.a(alt_find_file.o)
 .comment       0x0000000000000023       0x24 ../test_dma_bsp//libhal_bsp.a(alt_get_fd.o)
 .comment       0x0000000000000023       0x24 ../test_dma_bsp//libhal_bsp.a(alt_icache_flush.o)
 .comment       0x0000000000000023       0x24 ../test_dma_bsp//libhal_bsp.a(alt_instruction_exception_entry.o)
 .comment       0x0000000000000023       0x24 /opt/altera/16.0/nios2eds/bin/gnu/H-x86_64-pc-linux-gnu/bin/../lib/gcc/nios2-elf/5.2.0/../../../../../H-x86_64-pc-linux-gnu/nios2-elf/lib/libc.a(lib_a-atexit.o)
 .comment       0x0000000000000023       0x24 /opt/altera/16.0/nios2eds/bin/gnu/H-x86_64-pc-linux-gnu/bin/../lib/gcc/nios2-elf/5.2.0/../../../../../H-x86_64-pc-linux-gnu/nios2-elf/lib/libc.a(lib_a-exit.o)
 .comment       0x0000000000000023       0x24 /opt/altera/16.0/nios2eds/bin/gnu/H-x86_64-pc-linux-gnu/bin/../lib/gcc/nios2-elf/5.2.0/../../../../../H-x86_64-pc-linux-gnu/nios2-elf/lib/libc.a(lib_a-impure.o)
 .comment       0x0000000000000023       0x24 /opt/altera/16.0/nios2eds/bin/gnu/H-x86_64-pc-linux-gnu/bin/../lib/gcc/nios2-elf/5.2.0/../../../../../H-x86_64-pc-linux-gnu/nios2-elf/lib/libc.a(lib_a-int_errno.o)
 .comment       0x0000000000000023       0x24 /opt/altera/16.0/nios2eds/bin/gnu/H-x86_64-pc-linux-gnu/bin/../lib/gcc/nios2-elf/5.2.0/../../../../../H-x86_64-pc-linux-gnu/nios2-elf/lib/libc.a(lib_a-memcmp.o)
 .comment       0x0000000000000023       0x24 /opt/altera/16.0/nios2eds/bin/gnu/H-x86_64-pc-linux-gnu/bin/../lib/gcc/nios2-elf/5.2.0/../../../../../H-x86_64-pc-linux-gnu/nios2-elf/lib/libc.a(lib_a-memcpy.o)
 .comment       0x0000000000000023       0x24 /opt/altera/16.0/nios2eds/bin/gnu/H-x86_64-pc-linux-gnu/bin/../lib/gcc/nios2-elf/5.2.0/../../../../../H-x86_64-pc-linux-gnu/nios2-elf/lib/libc.a(lib_a-strlen.o)
 .comment       0x0000000000000023       0x24 /opt/altera/16.0/nios2eds/bin/gnu/H-x86_64-pc-linux-gnu/bin/../lib/gcc/nios2-elf/5.2.0/../../../../../H-x86_64-pc-linux-gnu/nios2-elf/lib/libc.a(lib_a-__atexit.o)
 .comment       0x0000000000000023       0x24 /opt/altera/16.0/nios2eds/bin/gnu/H-x86_64-pc-linux-gnu/bin/../lib/gcc/nios2-elf/5.2.0/../../../../../H-x86_64-pc-linux-gnu/nios2-elf/lib/libc.a(lib_a-__call_atexit.o)
 .comment       0x0000000000000023       0x24 ../test_dma_bsp//libhal_bsp.a(alt_exit.o)

.debug
 *(.debug)

.line
 *(.line)

.debug_srcinfo
 *(.debug_srcinfo)

.debug_sfnames
 *(.debug_sfnames)

.debug_aranges  0x0000000000000000      0x5d8
 *(.debug_aranges)
 .debug_aranges
                0x0000000000000000       0x28 ../test_dma_bsp//obj/HAL/src/crt0.o
 .debug_aranges
                0x0000000000000028       0x20 obj/default/hello_world.o
 .debug_aranges
                0x0000000000000048       0x20 ../test_dma_bsp//libhal_bsp.a(alt_load.o)
 .debug_aranges
                0x0000000000000068       0x20 ../test_dma_bsp//libhal_bsp.a(alt_main.o)
 .debug_aranges
                0x0000000000000088       0x20 ../test_dma_bsp//libhal_bsp.a(alt_sys_init.o)
 .debug_aranges
                0x00000000000000a8       0x20 ../test_dma_bsp//libhal_bsp.a(altera_avalon_jtag_uart_fd.o)
 .debug_aranges
                0x00000000000000c8       0x20 ../test_dma_bsp//libhal_bsp.a(altera_avalon_jtag_uart_init.o)
 .debug_aranges
                0x00000000000000e8       0x20 ../test_dma_bsp//libhal_bsp.a(altera_avalon_jtag_uart_ioctl.o)
 .debug_aranges
                0x0000000000000108       0x20 ../test_dma_bsp//libhal_bsp.a(altera_avalon_jtag_uart_read.o)
 .debug_aranges
                0x0000000000000128       0x20 ../test_dma_bsp//libhal_bsp.a(altera_avalon_jtag_uart_write.o)
 .debug_aranges
                0x0000000000000148       0x20 ../test_dma_bsp//libhal_bsp.a(altera_avalon_timer_sc.o)
 .debug_aranges
                0x0000000000000168       0x20 ../test_dma_bsp//libhal_bsp.a(alt_alarm_start.o)
 .debug_aranges
                0x0000000000000188       0x20 ../test_dma_bsp//libhal_bsp.a(alt_close.o)
 .debug_aranges
                0x00000000000001a8       0x20 ../test_dma_bsp//libhal_bsp.a(alt_dcache_flush_all.o)
 .debug_aranges
                0x00000000000001c8       0x20 ../test_dma_bsp//libhal_bsp.a(alt_dev.o)
 .debug_aranges
                0x00000000000001e8       0x20 ../test_dma_bsp//libhal_bsp.a(alt_dev_llist_insert.o)
 .debug_aranges
                0x0000000000000208       0x20 ../test_dma_bsp//libhal_bsp.a(alt_do_ctors.o)
 .debug_aranges
                0x0000000000000228       0x20 ../test_dma_bsp//libhal_bsp.a(alt_do_dtors.o)
 .debug_aranges
                0x0000000000000248       0x18 ../test_dma_bsp//libhal_bsp.a(alt_errno.o)
 .debug_aranges
                0x0000000000000260       0x20 ../test_dma_bsp//libhal_bsp.a(alt_icache_flush_all.o)
 .debug_aranges
                0x0000000000000280       0x20 ../test_dma_bsp//libhal_bsp.a(alt_iic.o)
 .debug_aranges
                0x00000000000002a0       0x20 ../test_dma_bsp//libhal_bsp.a(alt_iic_isr_register.o)
 .debug_aranges
                0x00000000000002c0       0x20 ../test_dma_bsp//libhal_bsp.a(alt_io_redirect.o)
 .debug_aranges
                0x00000000000002e0       0x30 ../test_dma_bsp//libhal_bsp.a(alt_irq_entry.o)
 .debug_aranges
                0x0000000000000310       0x20 ../test_dma_bsp//libhal_bsp.a(alt_irq_handler.o)
 .debug_aranges
                0x0000000000000330       0x18 ../test_dma_bsp//libhal_bsp.a(alt_irq_vars.o)
 .debug_aranges
                0x0000000000000348       0x20 ../test_dma_bsp//libhal_bsp.a(alt_open.o)
 .debug_aranges
                0x0000000000000368       0x20 ../test_dma_bsp//libhal_bsp.a(alt_release_fd.o)
 .debug_aranges
                0x0000000000000388       0x20 ../test_dma_bsp//libhal_bsp.a(alt_tick.o)
 .debug_aranges
                0x00000000000003a8       0x20 ../test_dma_bsp//libhal_bsp.a(altera_nios2_gen2_irq.o)
 .debug_aranges
                0x00000000000003c8       0x38 ../test_dma_bsp//libhal_bsp.a(alt_exception_entry.o)
 .debug_aranges
                0x0000000000000400       0x20 ../test_dma_bsp//libhal_bsp.a(alt_find_dev.o)
 .debug_aranges
                0x0000000000000420       0x20 ../test_dma_bsp//libhal_bsp.a(alt_find_file.o)
 .debug_aranges
                0x0000000000000440       0x20 ../test_dma_bsp//libhal_bsp.a(alt_get_fd.o)
 .debug_aranges
                0x0000000000000460       0x20 ../test_dma_bsp//libhal_bsp.a(alt_icache_flush.o)
 .debug_aranges
                0x0000000000000480       0x28 ../test_dma_bsp//libhal_bsp.a(alt_instruction_exception_entry.o)
 .debug_aranges
                0x00000000000004a8       0x20 /opt/altera/16.0/nios2eds/bin/gnu/H-x86_64-pc-linux-gnu/bin/../lib/gcc/nios2-elf/5.2.0/../../../../../H-x86_64-pc-linux-gnu/nios2-elf/lib/libc.a(lib_a-atexit.o)
 .debug_aranges
                0x00000000000004c8       0x20 /opt/altera/16.0/nios2eds/bin/gnu/H-x86_64-pc-linux-gnu/bin/../lib/gcc/nios2-elf/5.2.0/../../../../../H-x86_64-pc-linux-gnu/nios2-elf/lib/libc.a(lib_a-exit.o)
 .debug_aranges
                0x00000000000004e8       0x18 /opt/altera/16.0/nios2eds/bin/gnu/H-x86_64-pc-linux-gnu/bin/../lib/gcc/nios2-elf/5.2.0/../../../../../H-x86_64-pc-linux-gnu/nios2-elf/lib/libc.a(lib_a-impure.o)
 .debug_aranges
                0x0000000000000500       0x18 /opt/altera/16.0/nios2eds/bin/gnu/H-x86_64-pc-linux-gnu/bin/../lib/gcc/nios2-elf/5.2.0/../../../../../H-x86_64-pc-linux-gnu/nios2-elf/lib/libc.a(lib_a-int_errno.o)
 .debug_aranges
                0x0000000000000518       0x20 /opt/altera/16.0/nios2eds/bin/gnu/H-x86_64-pc-linux-gnu/bin/../lib/gcc/nios2-elf/5.2.0/../../../../../H-x86_64-pc-linux-gnu/nios2-elf/lib/libc.a(lib_a-memcmp.o)
 .debug_aranges
                0x0000000000000538       0x20 /opt/altera/16.0/nios2eds/bin/gnu/H-x86_64-pc-linux-gnu/bin/../lib/gcc/nios2-elf/5.2.0/../../../../../H-x86_64-pc-linux-gnu/nios2-elf/lib/libc.a(lib_a-memcpy.o)
 .debug_aranges
                0x0000000000000558       0x20 /opt/altera/16.0/nios2eds/bin/gnu/H-x86_64-pc-linux-gnu/bin/../lib/gcc/nios2-elf/5.2.0/../../../../../H-x86_64-pc-linux-gnu/nios2-elf/lib/libc.a(lib_a-strlen.o)
 .debug_aranges
                0x0000000000000578       0x20 /opt/altera/16.0/nios2eds/bin/gnu/H-x86_64-pc-linux-gnu/bin/../lib/gcc/nios2-elf/5.2.0/../../../../../H-x86_64-pc-linux-gnu/nios2-elf/lib/libc.a(lib_a-__atexit.o)
 .debug_aranges
                0x0000000000000598       0x20 /opt/altera/16.0/nios2eds/bin/gnu/H-x86_64-pc-linux-gnu/bin/../lib/gcc/nios2-elf/5.2.0/../../../../../H-x86_64-pc-linux-gnu/nios2-elf/lib/libc.a(lib_a-__call_atexit.o)
 .debug_aranges
                0x00000000000005b8       0x20 ../test_dma_bsp//libhal_bsp.a(alt_exit.o)

.debug_pubnames
 *(.debug_pubnames)

.debug_info     0x0000000000000000     0x79b0
 *(.debug_info .gnu.linkonce.wi.*)
 .debug_info    0x0000000000000000       0x6c ../test_dma_bsp//obj/HAL/src/crt0.o
 .debug_info    0x000000000000006c      0x2fa obj/default/hello_world.o
 .debug_info    0x0000000000000366      0x145 ../test_dma_bsp//libhal_bsp.a(alt_load.o)
 .debug_info    0x00000000000004ab      0x131 ../test_dma_bsp//libhal_bsp.a(alt_main.o)
 .debug_info    0x00000000000005dc      0x4d9 ../test_dma_bsp//libhal_bsp.a(alt_sys_init.o)
 .debug_info    0x0000000000000ab5      0x52e ../test_dma_bsp//libhal_bsp.a(altera_avalon_jtag_uart_fd.o)
 .debug_info    0x0000000000000fe3      0x3a0 ../test_dma_bsp//libhal_bsp.a(altera_avalon_jtag_uart_init.o)
 .debug_info    0x0000000000001383      0x280 ../test_dma_bsp//libhal_bsp.a(altera_avalon_jtag_uart_ioctl.o)
 .debug_info    0x0000000000001603      0x345 ../test_dma_bsp//libhal_bsp.a(altera_avalon_jtag_uart_read.o)
 .debug_info    0x0000000000001948      0x340 ../test_dma_bsp//libhal_bsp.a(altera_avalon_jtag_uart_write.o)
 .debug_info    0x0000000000001c88      0x226 ../test_dma_bsp//libhal_bsp.a(altera_avalon_timer_sc.o)
 .debug_info    0x0000000000001eae      0x2cc ../test_dma_bsp//libhal_bsp.a(alt_alarm_start.o)
 .debug_info    0x000000000000217a      0x321 ../test_dma_bsp//libhal_bsp.a(alt_close.o)
 .debug_info    0x000000000000249b       0xa5 ../test_dma_bsp//libhal_bsp.a(alt_dcache_flush_all.o)
 .debug_info    0x0000000000002540      0x49c ../test_dma_bsp//libhal_bsp.a(alt_dev.o)
 .debug_info    0x00000000000029dc      0x1a9 ../test_dma_bsp//libhal_bsp.a(alt_dev_llist_insert.o)
 .debug_info    0x0000000000002b85       0x83 ../test_dma_bsp//libhal_bsp.a(alt_do_ctors.o)
 .debug_info    0x0000000000002c08       0x83 ../test_dma_bsp//libhal_bsp.a(alt_do_dtors.o)
 .debug_info    0x0000000000002c8b       0xa6 ../test_dma_bsp//libhal_bsp.a(alt_errno.o)
 .debug_info    0x0000000000002d31       0x92 ../test_dma_bsp//libhal_bsp.a(alt_icache_flush_all.o)
 .debug_info    0x0000000000002dc3      0x350 ../test_dma_bsp//libhal_bsp.a(alt_iic.o)
 .debug_info    0x0000000000003113      0x1ef ../test_dma_bsp//libhal_bsp.a(alt_iic_isr_register.o)
 .debug_info    0x0000000000003302      0x4a5 ../test_dma_bsp//libhal_bsp.a(alt_io_redirect.o)
 .debug_info    0x00000000000037a7       0x75 ../test_dma_bsp//libhal_bsp.a(alt_irq_entry.o)
 .debug_info    0x000000000000381c      0x187 ../test_dma_bsp//libhal_bsp.a(alt_irq_handler.o)
 .debug_info    0x00000000000039a3       0x88 ../test_dma_bsp//libhal_bsp.a(alt_irq_vars.o)
 .debug_info    0x0000000000003a2b      0x3bb ../test_dma_bsp//libhal_bsp.a(alt_open.o)
 .debug_info    0x0000000000003de6      0x2b0 ../test_dma_bsp//libhal_bsp.a(alt_release_fd.o)
 .debug_info    0x0000000000004096      0x299 ../test_dma_bsp//libhal_bsp.a(alt_tick.o)
 .debug_info    0x000000000000432f       0x92 ../test_dma_bsp//libhal_bsp.a(altera_nios2_gen2_irq.o)
 .debug_info    0x00000000000043c1       0x7b ../test_dma_bsp//libhal_bsp.a(alt_exception_entry.o)
 .debug_info    0x000000000000443c      0x2e9 ../test_dma_bsp//libhal_bsp.a(alt_find_dev.o)
 .debug_info    0x0000000000004725      0x2e6 ../test_dma_bsp//libhal_bsp.a(alt_find_file.o)
 .debug_info    0x0000000000004a0b      0x310 ../test_dma_bsp//libhal_bsp.a(alt_get_fd.o)
 .debug_info    0x0000000000004d1b       0xdc ../test_dma_bsp//libhal_bsp.a(alt_icache_flush.o)
 .debug_info    0x0000000000004df7      0x1e7 ../test_dma_bsp//libhal_bsp.a(alt_instruction_exception_entry.o)
 .debug_info    0x0000000000004fde       0xfe /opt/altera/16.0/nios2eds/bin/gnu/H-x86_64-pc-linux-gnu/bin/../lib/gcc/nios2-elf/5.2.0/../../../../../H-x86_64-pc-linux-gnu/nios2-elf/lib/libc.a(lib_a-atexit.o)
 .debug_info    0x00000000000050dc      0x8e4 /opt/altera/16.0/nios2eds/bin/gnu/H-x86_64-pc-linux-gnu/bin/../lib/gcc/nios2-elf/5.2.0/../../../../../H-x86_64-pc-linux-gnu/nios2-elf/lib/libc.a(lib_a-exit.o)
 .debug_info    0x00000000000059c0      0x8a1 /opt/altera/16.0/nios2eds/bin/gnu/H-x86_64-pc-linux-gnu/bin/../lib/gcc/nios2-elf/5.2.0/../../../../../H-x86_64-pc-linux-gnu/nios2-elf/lib/libc.a(lib_a-impure.o)
 .debug_info    0x0000000000006261       0x8a /opt/altera/16.0/nios2eds/bin/gnu/H-x86_64-pc-linux-gnu/bin/../lib/gcc/nios2-elf/5.2.0/../../../../../H-x86_64-pc-linux-gnu/nios2-elf/lib/libc.a(lib_a-int_errno.o)
 .debug_info    0x00000000000062eb      0x11a /opt/altera/16.0/nios2eds/bin/gnu/H-x86_64-pc-linux-gnu/bin/../lib/gcc/nios2-elf/5.2.0/../../../../../H-x86_64-pc-linux-gnu/nios2-elf/lib/libc.a(lib_a-memcmp.o)
 .debug_info    0x0000000000006405      0x144 /opt/altera/16.0/nios2eds/bin/gnu/H-x86_64-pc-linux-gnu/bin/../lib/gcc/nios2-elf/5.2.0/../../../../../H-x86_64-pc-linux-gnu/nios2-elf/lib/libc.a(lib_a-memcpy.o)
 .debug_info    0x0000000000006549       0xe2 /opt/altera/16.0/nios2eds/bin/gnu/H-x86_64-pc-linux-gnu/bin/../lib/gcc/nios2-elf/5.2.0/../../../../../H-x86_64-pc-linux-gnu/nios2-elf/lib/libc.a(lib_a-strlen.o)
 .debug_info    0x000000000000662b      0x934 /opt/altera/16.0/nios2eds/bin/gnu/H-x86_64-pc-linux-gnu/bin/../lib/gcc/nios2-elf/5.2.0/../../../../../H-x86_64-pc-linux-gnu/nios2-elf/lib/libc.a(lib_a-__atexit.o)
 .debug_info    0x0000000000006f5f      0x965 /opt/altera/16.0/nios2eds/bin/gnu/H-x86_64-pc-linux-gnu/bin/../lib/gcc/nios2-elf/5.2.0/../../../../../H-x86_64-pc-linux-gnu/nios2-elf/lib/libc.a(lib_a-__call_atexit.o)
 .debug_info    0x00000000000078c4       0xec ../test_dma_bsp//libhal_bsp.a(alt_exit.o)

.debug_abbrev   0x0000000000000000     0x2b72
 *(.debug_abbrev)
 .debug_abbrev  0x0000000000000000       0x12 ../test_dma_bsp//obj/HAL/src/crt0.o
 .debug_abbrev  0x0000000000000012      0x134 obj/default/hello_world.o
 .debug_abbrev  0x0000000000000146       0x9f ../test_dma_bsp//libhal_bsp.a(alt_load.o)
 .debug_abbrev  0x00000000000001e5       0xba ../test_dma_bsp//libhal_bsp.a(alt_main.o)
 .debug_abbrev  0x000000000000029f      0x187 ../test_dma_bsp//libhal_bsp.a(alt_sys_init.o)
 .debug_abbrev  0x0000000000000426      0x127 ../test_dma_bsp//libhal_bsp.a(altera_avalon_jtag_uart_fd.o)
 .debug_abbrev  0x000000000000054d      0x19e ../test_dma_bsp//libhal_bsp.a(altera_avalon_jtag_uart_init.o)
 .debug_abbrev  0x00000000000006eb      0x111 ../test_dma_bsp//libhal_bsp.a(altera_avalon_jtag_uart_ioctl.o)
 .debug_abbrev  0x00000000000007fc      0x1aa ../test_dma_bsp//libhal_bsp.a(altera_avalon_jtag_uart_read.o)
 .debug_abbrev  0x00000000000009a6      0x1a8 ../test_dma_bsp//libhal_bsp.a(altera_avalon_jtag_uart_write.o)
 .debug_abbrev  0x0000000000000b4e      0x155 ../test_dma_bsp//libhal_bsp.a(altera_avalon_timer_sc.o)
 .debug_abbrev  0x0000000000000ca3      0x162 ../test_dma_bsp//libhal_bsp.a(alt_alarm_start.o)
 .debug_abbrev  0x0000000000000e05      0x11f ../test_dma_bsp//libhal_bsp.a(alt_close.o)
 .debug_abbrev  0x0000000000000f24       0x5a ../test_dma_bsp//libhal_bsp.a(alt_dcache_flush_all.o)
 .debug_abbrev  0x0000000000000f7e       0xd9 ../test_dma_bsp//libhal_bsp.a(alt_dev.o)
 .debug_abbrev  0x0000000000001057      0x114 ../test_dma_bsp//libhal_bsp.a(alt_dev_llist_insert.o)
 .debug_abbrev  0x000000000000116b       0x79 ../test_dma_bsp//libhal_bsp.a(alt_do_ctors.o)
 .debug_abbrev  0x00000000000011e4       0x79 ../test_dma_bsp//libhal_bsp.a(alt_do_dtors.o)
 .debug_abbrev  0x000000000000125d       0x5a ../test_dma_bsp//libhal_bsp.a(alt_errno.o)
 .debug_abbrev  0x00000000000012b7       0x42 ../test_dma_bsp//libhal_bsp.a(alt_icache_flush_all.o)
 .debug_abbrev  0x00000000000012f9      0x163 ../test_dma_bsp//libhal_bsp.a(alt_iic.o)
 .debug_abbrev  0x000000000000145c      0x169 ../test_dma_bsp//libhal_bsp.a(alt_iic_isr_register.o)
 .debug_abbrev  0x00000000000015c5      0x114 ../test_dma_bsp//libhal_bsp.a(alt_io_redirect.o)
 .debug_abbrev  0x00000000000016d9       0x12 ../test_dma_bsp//libhal_bsp.a(alt_irq_entry.o)
 .debug_abbrev  0x00000000000016eb      0x122 ../test_dma_bsp//libhal_bsp.a(alt_irq_handler.o)
 .debug_abbrev  0x000000000000180d       0x40 ../test_dma_bsp//libhal_bsp.a(alt_irq_vars.o)
 .debug_abbrev  0x000000000000184d      0x148 ../test_dma_bsp//libhal_bsp.a(alt_open.o)
 .debug_abbrev  0x0000000000001995       0xde ../test_dma_bsp//libhal_bsp.a(alt_release_fd.o)
 .debug_abbrev  0x0000000000001a73      0x15a ../test_dma_bsp//libhal_bsp.a(alt_tick.o)
 .debug_abbrev  0x0000000000001bcd       0x42 ../test_dma_bsp//libhal_bsp.a(altera_nios2_gen2_irq.o)
 .debug_abbrev  0x0000000000001c0f       0x12 ../test_dma_bsp//libhal_bsp.a(alt_exception_entry.o)
 .debug_abbrev  0x0000000000001c21       0xf0 ../test_dma_bsp//libhal_bsp.a(alt_find_dev.o)
 .debug_abbrev  0x0000000000001d11       0xf0 ../test_dma_bsp//libhal_bsp.a(alt_find_file.o)
 .debug_abbrev  0x0000000000001e01      0x10d ../test_dma_bsp//libhal_bsp.a(alt_get_fd.o)
 .debug_abbrev  0x0000000000001f0e       0x8c ../test_dma_bsp//libhal_bsp.a(alt_icache_flush.o)
 .debug_abbrev  0x0000000000001f9a       0xdc ../test_dma_bsp//libhal_bsp.a(alt_instruction_exception_entry.o)
 .debug_abbrev  0x0000000000002076       0xaa /opt/altera/16.0/nios2eds/bin/gnu/H-x86_64-pc-linux-gnu/bin/../lib/gcc/nios2-elf/5.2.0/../../../../../H-x86_64-pc-linux-gnu/nios2-elf/lib/libc.a(lib_a-atexit.o)
 .debug_abbrev  0x0000000000002120      0x1e5 /opt/altera/16.0/nios2eds/bin/gnu/H-x86_64-pc-linux-gnu/bin/../lib/gcc/nios2-elf/5.2.0/../../../../../H-x86_64-pc-linux-gnu/nios2-elf/lib/libc.a(lib_a-exit.o)
 .debug_abbrev  0x0000000000002305      0x18f /opt/altera/16.0/nios2eds/bin/gnu/H-x86_64-pc-linux-gnu/bin/../lib/gcc/nios2-elf/5.2.0/../../../../../H-x86_64-pc-linux-gnu/nios2-elf/lib/libc.a(lib_a-impure.o)
 .debug_abbrev  0x0000000000002494       0x37 /opt/altera/16.0/nios2eds/bin/gnu/H-x86_64-pc-linux-gnu/bin/../lib/gcc/nios2-elf/5.2.0/../../../../../H-x86_64-pc-linux-gnu/nios2-elf/lib/libc.a(lib_a-int_errno.o)
 .debug_abbrev  0x00000000000024cb       0x7f /opt/altera/16.0/nios2eds/bin/gnu/H-x86_64-pc-linux-gnu/bin/../lib/gcc/nios2-elf/5.2.0/../../../../../H-x86_64-pc-linux-gnu/nios2-elf/lib/libc.a(lib_a-memcmp.o)
 .debug_abbrev  0x000000000000254a       0xa3 /opt/altera/16.0/nios2eds/bin/gnu/H-x86_64-pc-linux-gnu/bin/../lib/gcc/nios2-elf/5.2.0/../../../../../H-x86_64-pc-linux-gnu/nios2-elf/lib/libc.a(lib_a-memcpy.o)
 .debug_abbrev  0x00000000000025ed       0x90 /opt/altera/16.0/nios2eds/bin/gnu/H-x86_64-pc-linux-gnu/bin/../lib/gcc/nios2-elf/5.2.0/../../../../../H-x86_64-pc-linux-gnu/nios2-elf/lib/libc.a(lib_a-strlen.o)
 .debug_abbrev  0x000000000000267d      0x21e /opt/altera/16.0/nios2eds/bin/gnu/H-x86_64-pc-linux-gnu/bin/../lib/gcc/nios2-elf/5.2.0/../../../../../H-x86_64-pc-linux-gnu/nios2-elf/lib/libc.a(lib_a-__atexit.o)
 .debug_abbrev  0x000000000000289b      0x22e /opt/altera/16.0/nios2eds/bin/gnu/H-x86_64-pc-linux-gnu/bin/../lib/gcc/nios2-elf/5.2.0/../../../../../H-x86_64-pc-linux-gnu/nios2-elf/lib/libc.a(lib_a-__call_atexit.o)
 .debug_abbrev  0x0000000000002ac9       0xa9 ../test_dma_bsp//libhal_bsp.a(alt_exit.o)

.debug_line     0x0000000000000000     0x2c46
 *(.debug_line)
 .debug_line    0x0000000000000000       0x72 ../test_dma_bsp//obj/HAL/src/crt0.o
 .debug_line    0x0000000000000072      0x219 obj/default/hello_world.o
 .debug_line    0x000000000000028b       0x8e ../test_dma_bsp//libhal_bsp.a(alt_load.o)
 .debug_line    0x0000000000000319       0xa4 ../test_dma_bsp//libhal_bsp.a(alt_main.o)
 .debug_line    0x00000000000003bd      0x152 ../test_dma_bsp//libhal_bsp.a(alt_sys_init.o)
 .debug_line    0x000000000000050f      0x12f ../test_dma_bsp//libhal_bsp.a(altera_avalon_jtag_uart_fd.o)
 .debug_line    0x000000000000063e      0x18b ../test_dma_bsp//libhal_bsp.a(altera_avalon_jtag_uart_init.o)
 .debug_line    0x00000000000007c9      0x131 ../test_dma_bsp//libhal_bsp.a(altera_avalon_jtag_uart_ioctl.o)
 .debug_line    0x00000000000008fa      0x171 ../test_dma_bsp//libhal_bsp.a(altera_avalon_jtag_uart_read.o)
 .debug_line    0x0000000000000a6b      0x170 ../test_dma_bsp//libhal_bsp.a(altera_avalon_jtag_uart_write.o)
 .debug_line    0x0000000000000bdb       0xfd ../test_dma_bsp//libhal_bsp.a(altera_avalon_timer_sc.o)
 .debug_line    0x0000000000000cd8       0xfa ../test_dma_bsp//libhal_bsp.a(alt_alarm_start.o)
 .debug_line    0x0000000000000dd2      0x165 ../test_dma_bsp//libhal_bsp.a(alt_close.o)
 .debug_line    0x0000000000000f37       0x61 ../test_dma_bsp//libhal_bsp.a(alt_dcache_flush_all.o)
 .debug_line    0x0000000000000f98       0xf7 ../test_dma_bsp//libhal_bsp.a(alt_dev.o)
 .debug_line    0x000000000000108f       0xd0 ../test_dma_bsp//libhal_bsp.a(alt_dev_llist_insert.o)
 .debug_line    0x000000000000115f       0x59 ../test_dma_bsp//libhal_bsp.a(alt_do_ctors.o)
 .debug_line    0x00000000000011b8       0x59 ../test_dma_bsp//libhal_bsp.a(alt_do_dtors.o)
 .debug_line    0x0000000000001211       0x51 ../test_dma_bsp//libhal_bsp.a(alt_errno.o)
 .debug_line    0x0000000000001262       0x50 ../test_dma_bsp//libhal_bsp.a(alt_icache_flush_all.o)
 .debug_line    0x00000000000012b2       0xef ../test_dma_bsp//libhal_bsp.a(alt_iic.o)
 .debug_line    0x00000000000013a1       0xdb ../test_dma_bsp//libhal_bsp.a(alt_iic_isr_register.o)
 .debug_line    0x000000000000147c      0x132 ../test_dma_bsp//libhal_bsp.a(alt_io_redirect.o)
 .debug_line    0x00000000000015ae       0x6b ../test_dma_bsp//libhal_bsp.a(alt_irq_entry.o)
 .debug_line    0x0000000000001619       0xaa ../test_dma_bsp//libhal_bsp.a(alt_irq_handler.o)
 .debug_line    0x00000000000016c3       0x50 ../test_dma_bsp//libhal_bsp.a(alt_irq_vars.o)
 .debug_line    0x0000000000001713      0x12a ../test_dma_bsp//libhal_bsp.a(alt_open.o)
 .debug_line    0x000000000000183d       0xae ../test_dma_bsp//libhal_bsp.a(alt_release_fd.o)
 .debug_line    0x00000000000018eb       0xff ../test_dma_bsp//libhal_bsp.a(alt_tick.o)
 .debug_line    0x00000000000019ea       0x51 ../test_dma_bsp//libhal_bsp.a(altera_nios2_gen2_irq.o)
 .debug_line    0x0000000000001a3b       0xb3 ../test_dma_bsp//libhal_bsp.a(alt_exception_entry.o)
 .debug_line    0x0000000000001aee       0xb5 ../test_dma_bsp//libhal_bsp.a(alt_find_dev.o)
 .debug_line    0x0000000000001ba3       0xd1 ../test_dma_bsp//libhal_bsp.a(alt_find_file.o)
 .debug_line    0x0000000000001c74       0xd5 ../test_dma_bsp//libhal_bsp.a(alt_get_fd.o)
 .debug_line    0x0000000000001d49       0x81 ../test_dma_bsp//libhal_bsp.a(alt_icache_flush.o)
 .debug_line    0x0000000000001dca       0xba ../test_dma_bsp//libhal_bsp.a(alt_instruction_exception_entry.o)
 .debug_line    0x0000000000001e84       0xe4 /opt/altera/16.0/nios2eds/bin/gnu/H-x86_64-pc-linux-gnu/bin/../lib/gcc/nios2-elf/5.2.0/../../../../../H-x86_64-pc-linux-gnu/nios2-elf/lib/libc.a(lib_a-atexit.o)
 .debug_line    0x0000000000001f68      0x1f9 /opt/altera/16.0/nios2eds/bin/gnu/H-x86_64-pc-linux-gnu/bin/../lib/gcc/nios2-elf/5.2.0/../../../../../H-x86_64-pc-linux-gnu/nios2-elf/lib/libc.a(lib_a-exit.o)
 .debug_line    0x0000000000002161      0x15d /opt/altera/16.0/nios2eds/bin/gnu/H-x86_64-pc-linux-gnu/bin/../lib/gcc/nios2-elf/5.2.0/../../../../../H-x86_64-pc-linux-gnu/nios2-elf/lib/libc.a(lib_a-impure.o)
 .debug_line    0x00000000000022be       0x5c /opt/altera/16.0/nios2eds/bin/gnu/H-x86_64-pc-linux-gnu/bin/../lib/gcc/nios2-elf/5.2.0/../../../../../H-x86_64-pc-linux-gnu/nios2-elf/lib/libc.a(lib_a-int_errno.o)
 .debug_line    0x000000000000231a      0x173 /opt/altera/16.0/nios2eds/bin/gnu/H-x86_64-pc-linux-gnu/bin/../lib/gcc/nios2-elf/5.2.0/../../../../../H-x86_64-pc-linux-gnu/nios2-elf/lib/libc.a(lib_a-memcmp.o)
 .debug_line    0x000000000000248d      0x189 /opt/altera/16.0/nios2eds/bin/gnu/H-x86_64-pc-linux-gnu/bin/../lib/gcc/nios2-elf/5.2.0/../../../../../H-x86_64-pc-linux-gnu/nios2-elf/lib/libc.a(lib_a-memcpy.o)
 .debug_line    0x0000000000002616      0x16c /opt/altera/16.0/nios2eds/bin/gnu/H-x86_64-pc-linux-gnu/bin/../lib/gcc/nios2-elf/5.2.0/../../../../../H-x86_64-pc-linux-gnu/nios2-elf/lib/libc.a(lib_a-strlen.o)
 .debug_line    0x0000000000002782      0x21c /opt/altera/16.0/nios2eds/bin/gnu/H-x86_64-pc-linux-gnu/bin/../lib/gcc/nios2-elf/5.2.0/../../../../../H-x86_64-pc-linux-gnu/nios2-elf/lib/libc.a(lib_a-__atexit.o)
 .debug_line    0x000000000000299e      0x237 /opt/altera/16.0/nios2eds/bin/gnu/H-x86_64-pc-linux-gnu/bin/../lib/gcc/nios2-elf/5.2.0/../../../../../H-x86_64-pc-linux-gnu/nios2-elf/lib/libc.a(lib_a-__call_atexit.o)
 .debug_line    0x0000000000002bd5       0x71 ../test_dma_bsp//libhal_bsp.a(alt_exit.o)

.debug_frame    0x0000000000000000      0xc60
 *(.debug_frame)
 .debug_frame   0x0000000000000000      0x18c obj/default/hello_world.o
 .debug_frame   0x000000000000018c       0x5c ../test_dma_bsp//libhal_bsp.a(alt_load.o)
 .debug_frame   0x00000000000001e8       0x2c ../test_dma_bsp//libhal_bsp.a(alt_main.o)
 .debug_frame   0x0000000000000214       0x88 ../test_dma_bsp//libhal_bsp.a(alt_sys_init.o)
 .debug_frame   0x000000000000029c       0xb0 ../test_dma_bsp//libhal_bsp.a(altera_avalon_jtag_uart_fd.o)
 .debug_frame   0x000000000000034c       0xa4 ../test_dma_bsp//libhal_bsp.a(altera_avalon_jtag_uart_init.o)
 .debug_frame   0x00000000000003f0       0x34 ../test_dma_bsp//libhal_bsp.a(altera_avalon_jtag_uart_ioctl.o)
 .debug_frame   0x0000000000000424       0x38 ../test_dma_bsp//libhal_bsp.a(altera_avalon_jtag_uart_read.o)
 .debug_frame   0x000000000000045c       0x38 ../test_dma_bsp//libhal_bsp.a(altera_avalon_jtag_uart_write.o)
 .debug_frame   0x0000000000000494       0x60 ../test_dma_bsp//libhal_bsp.a(altera_avalon_timer_sc.o)
 .debug_frame   0x00000000000004f4       0x34 ../test_dma_bsp//libhal_bsp.a(alt_alarm_start.o)
 .debug_frame   0x0000000000000528       0x60 ../test_dma_bsp//libhal_bsp.a(alt_close.o)
 .debug_frame   0x0000000000000588       0x34 ../test_dma_bsp//libhal_bsp.a(alt_dcache_flush_all.o)
 .debug_frame   0x00000000000005bc       0x34 ../test_dma_bsp//libhal_bsp.a(alt_dev.o)
 .debug_frame   0x00000000000005f0       0x60 ../test_dma_bsp//libhal_bsp.a(alt_dev_llist_insert.o)
 .debug_frame   0x0000000000000650       0x38 ../test_dma_bsp//libhal_bsp.a(alt_do_ctors.o)
 .debug_frame   0x0000000000000688       0x38 ../test_dma_bsp//libhal_bsp.a(alt_do_dtors.o)
 .debug_frame   0x00000000000006c0       0x38 ../test_dma_bsp//libhal_bsp.a(alt_icache_flush_all.o)
 .debug_frame   0x00000000000006f8       0xa4 ../test_dma_bsp//libhal_bsp.a(alt_iic.o)
 .debug_frame   0x000000000000079c       0x38 ../test_dma_bsp//libhal_bsp.a(alt_iic_isr_register.o)
 .debug_frame   0x00000000000007d4       0x60 ../test_dma_bsp//libhal_bsp.a(alt_io_redirect.o)
 .debug_frame   0x0000000000000834       0x38 ../test_dma_bsp//libhal_bsp.a(alt_irq_handler.o)
 .debug_frame   0x000000000000086c       0x84 ../test_dma_bsp//libhal_bsp.a(alt_open.o)
 .debug_frame   0x00000000000008f0       0x34 ../test_dma_bsp//libhal_bsp.a(alt_release_fd.o)
 .debug_frame   0x0000000000000924       0x5c ../test_dma_bsp//libhal_bsp.a(alt_tick.o)
 .debug_frame   0x0000000000000980       0x34 ../test_dma_bsp//libhal_bsp.a(altera_nios2_gen2_irq.o)
 .debug_frame   0x00000000000009b4       0x38 ../test_dma_bsp//libhal_bsp.a(alt_find_dev.o)
 .debug_frame   0x00000000000009ec       0x38 ../test_dma_bsp//libhal_bsp.a(alt_find_file.o)
 .debug_frame   0x0000000000000a24       0x34 ../test_dma_bsp//libhal_bsp.a(alt_get_fd.o)
 .debug_frame   0x0000000000000a58       0x34 ../test_dma_bsp//libhal_bsp.a(alt_icache_flush.o)
 .debug_frame   0x0000000000000a8c       0x5c ../test_dma_bsp//libhal_bsp.a(alt_instruction_exception_entry.o)
 .debug_frame   0x0000000000000ae8       0x20 /opt/altera/16.0/nios2eds/bin/gnu/H-x86_64-pc-linux-gnu/bin/../lib/gcc/nios2-elf/5.2.0/../../../../../H-x86_64-pc-linux-gnu/nios2-elf/lib/libc.a(lib_a-atexit.o)
 .debug_frame   0x0000000000000b08       0x28 /opt/altera/16.0/nios2eds/bin/gnu/H-x86_64-pc-linux-gnu/bin/../lib/gcc/nios2-elf/5.2.0/../../../../../H-x86_64-pc-linux-gnu/nios2-elf/lib/libc.a(lib_a-exit.o)
 .debug_frame   0x0000000000000b30       0x20 /opt/altera/16.0/nios2eds/bin/gnu/H-x86_64-pc-linux-gnu/bin/../lib/gcc/nios2-elf/5.2.0/../../../../../H-x86_64-pc-linux-gnu/nios2-elf/lib/libc.a(lib_a-memcmp.o)
 .debug_frame   0x0000000000000b50       0x38 /opt/altera/16.0/nios2eds/bin/gnu/H-x86_64-pc-linux-gnu/bin/../lib/gcc/nios2-elf/5.2.0/../../../../../H-x86_64-pc-linux-gnu/nios2-elf/lib/libc.a(lib_a-memcpy.o)
 .debug_frame   0x0000000000000b88       0x20 /opt/altera/16.0/nios2eds/bin/gnu/H-x86_64-pc-linux-gnu/bin/../lib/gcc/nios2-elf/5.2.0/../../../../../H-x86_64-pc-linux-gnu/nios2-elf/lib/libc.a(lib_a-strlen.o)
 .debug_frame   0x0000000000000ba8       0x38 /opt/altera/16.0/nios2eds/bin/gnu/H-x86_64-pc-linux-gnu/bin/../lib/gcc/nios2-elf/5.2.0/../../../../../H-x86_64-pc-linux-gnu/nios2-elf/lib/libc.a(lib_a-__atexit.o)
 .debug_frame   0x0000000000000be0       0x54 /opt/altera/16.0/nios2eds/bin/gnu/H-x86_64-pc-linux-gnu/bin/../lib/gcc/nios2-elf/5.2.0/../../../../../H-x86_64-pc-linux-gnu/nios2-elf/lib/libc.a(lib_a-__call_atexit.o)
 .debug_frame   0x0000000000000c34       0x2c ../test_dma_bsp//libhal_bsp.a(alt_exit.o)

.debug_str      0x0000000000000000     0x1bc0
 *(.debug_str)
 .debug_str     0x0000000000000000      0x1e3 obj/default/hello_world.o
                                        0x23c (size before relaxing)
 .debug_str     0x00000000000001e3      0x16e ../test_dma_bsp//libhal_bsp.a(alt_load.o)
                                        0x20c (size before relaxing)
 .debug_str     0x0000000000000351       0x70 ../test_dma_bsp//libhal_bsp.a(alt_main.o)
                                        0x197 (size before relaxing)
 .debug_str     0x00000000000003c1      0x1d1 ../test_dma_bsp//libhal_bsp.a(alt_sys_init.o)
                                        0x388 (size before relaxing)
 .debug_str     0x0000000000000592       0xb9 ../test_dma_bsp//libhal_bsp.a(altera_avalon_jtag_uart_fd.o)
                                        0x39e (size before relaxing)
 .debug_str     0x000000000000064b       0xd1 ../test_dma_bsp//libhal_bsp.a(altera_avalon_jtag_uart_init.o)
                                        0x332 (size before relaxing)
 .debug_str     0x000000000000071c       0x4a ../test_dma_bsp//libhal_bsp.a(altera_avalon_jtag_uart_ioctl.o)
                                        0x28d (size before relaxing)
 .debug_str     0x0000000000000766       0x7f ../test_dma_bsp//libhal_bsp.a(altera_avalon_jtag_uart_read.o)
                                        0x2e2 (size before relaxing)
 .debug_str     0x00000000000007e5       0x4a ../test_dma_bsp//libhal_bsp.a(altera_avalon_jtag_uart_write.o)
                                        0x2e3 (size before relaxing)
 .debug_str     0x000000000000082f       0x6d ../test_dma_bsp//libhal_bsp.a(altera_avalon_timer_sc.o)
                                        0x245 (size before relaxing)
 .debug_str     0x000000000000089c       0x59 ../test_dma_bsp//libhal_bsp.a(alt_alarm_start.o)
                                        0x278 (size before relaxing)
 .debug_str     0x00000000000008f5       0x44 ../test_dma_bsp//libhal_bsp.a(alt_close.o)
                                        0x205 (size before relaxing)
 .debug_str     0x0000000000000939       0x34 ../test_dma_bsp//libhal_bsp.a(alt_dcache_flush_all.o)
                                        0x14f (size before relaxing)
 .debug_str     0x000000000000096d      0x120 ../test_dma_bsp//libhal_bsp.a(alt_dev.o)
                                        0x2ff (size before relaxing)
 .debug_str     0x0000000000000a8d       0x34 ../test_dma_bsp//libhal_bsp.a(alt_dev_llist_insert.o)
                                        0x1c6 (size before relaxing)
 .debug_str     0x0000000000000ac1       0x48 ../test_dma_bsp//libhal_bsp.a(alt_do_ctors.o)
                                         0xca (size before relaxing)
 .debug_str     0x0000000000000b09       0x4c ../test_dma_bsp//libhal_bsp.a(alt_do_dtors.o)
                                         0xc9 (size before relaxing)
 .debug_str     0x0000000000000b55       0x14 ../test_dma_bsp//libhal_bsp.a(alt_errno.o)
                                        0x13f (size before relaxing)
 .debug_str     0x0000000000000b69       0x34 ../test_dma_bsp//libhal_bsp.a(alt_icache_flush_all.o)
                                        0x14f (size before relaxing)
 .debug_str     0x0000000000000b9d       0xc4 ../test_dma_bsp//libhal_bsp.a(alt_iic.o)
                                        0x238 (size before relaxing)
 .debug_str     0x0000000000000c61       0x4c ../test_dma_bsp//libhal_bsp.a(alt_iic_isr_register.o)
                                        0x1e2 (size before relaxing)
 .debug_str     0x0000000000000cad       0x56 ../test_dma_bsp//libhal_bsp.a(alt_io_redirect.o)
                                        0x310 (size before relaxing)
 .debug_str     0x0000000000000d03       0x3a ../test_dma_bsp//libhal_bsp.a(alt_irq_handler.o)
                                        0x191 (size before relaxing)
 .debug_str     0x0000000000000d3d       0x17 ../test_dma_bsp//libhal_bsp.a(alt_irq_vars.o)
                                        0x134 (size before relaxing)
 .debug_str     0x0000000000000d54       0x2f ../test_dma_bsp//libhal_bsp.a(alt_open.o)
                                        0x245 (size before relaxing)
 .debug_str     0x0000000000000d83       0x28 ../test_dma_bsp//libhal_bsp.a(alt_release_fd.o)
                                        0x1cd (size before relaxing)
 .debug_str     0x0000000000000dab       0x4a ../test_dma_bsp//libhal_bsp.a(alt_tick.o)
                                        0x24c (size before relaxing)
 .debug_str     0x0000000000000df5       0x3b ../test_dma_bsp//libhal_bsp.a(altera_nios2_gen2_irq.o)
                                        0x156 (size before relaxing)
 .debug_str     0x0000000000000e30       0x24 ../test_dma_bsp//libhal_bsp.a(alt_find_dev.o)
                                        0x1e6 (size before relaxing)
 .debug_str     0x0000000000000e54       0x26 ../test_dma_bsp//libhal_bsp.a(alt_find_file.o)
                                        0x1f4 (size before relaxing)
 .debug_str     0x0000000000000e7a       0x30 ../test_dma_bsp//libhal_bsp.a(alt_get_fd.o)
                                        0x216 (size before relaxing)
 .debug_str     0x0000000000000eaa       0x2c ../test_dma_bsp//libhal_bsp.a(alt_icache_flush.o)
                                        0x155 (size before relaxing)
 .debug_str     0x0000000000000ed6      0x48b ../test_dma_bsp//libhal_bsp.a(alt_instruction_exception_entry.o)
                                        0x59a (size before relaxing)
 .debug_str     0x0000000000001361      0x163 /opt/altera/16.0/nios2eds/bin/gnu/H-x86_64-pc-linux-gnu/bin/../lib/gcc/nios2-elf/5.2.0/../../../../../H-x86_64-pc-linux-gnu/nios2-elf/lib/libc.a(lib_a-atexit.o)
                                        0x208 (size before relaxing)
 .debug_str     0x00000000000014c4      0x3ac /opt/altera/16.0/nios2eds/bin/gnu/H-x86_64-pc-linux-gnu/bin/../lib/gcc/nios2-elf/5.2.0/../../../../../H-x86_64-pc-linux-gnu/nios2-elf/lib/libc.a(lib_a-exit.o)
                                        0x5a5 (size before relaxing)
 .debug_str     0x0000000000001870       0xc9 /opt/altera/16.0/nios2eds/bin/gnu/H-x86_64-pc-linux-gnu/bin/../lib/gcc/nios2-elf/5.2.0/../../../../../H-x86_64-pc-linux-gnu/nios2-elf/lib/libc.a(lib_a-impure.o)
                                        0x59c (size before relaxing)
 .debug_str     0x0000000000001939       0x3c /opt/altera/16.0/nios2eds/bin/gnu/H-x86_64-pc-linux-gnu/bin/../lib/gcc/nios2-elf/5.2.0/../../../../../H-x86_64-pc-linux-gnu/nios2-elf/lib/libc.a(lib_a-int_errno.o)
                                        0x1c4 (size before relaxing)
 .debug_str     0x0000000000001975       0xcd /opt/altera/16.0/nios2eds/bin/gnu/H-x86_64-pc-linux-gnu/bin/../lib/gcc/nios2-elf/5.2.0/../../../../../H-x86_64-pc-linux-gnu/nios2-elf/lib/libc.a(lib_a-memcmp.o)
                                        0x1cb (size before relaxing)
 .debug_str     0x0000000000001a42       0x68 /opt/altera/16.0/nios2eds/bin/gnu/H-x86_64-pc-linux-gnu/bin/../lib/gcc/nios2-elf/5.2.0/../../../../../H-x86_64-pc-linux-gnu/nios2-elf/lib/libc.a(lib_a-memcpy.o)
                                        0x1f2 (size before relaxing)
 .debug_str     0x0000000000001aaa       0x4e /opt/altera/16.0/nios2eds/bin/gnu/H-x86_64-pc-linux-gnu/bin/../lib/gcc/nios2-elf/5.2.0/../../../../../H-x86_64-pc-linux-gnu/nios2-elf/lib/libc.a(lib_a-strlen.o)
                                        0x1de (size before relaxing)
 .debug_str     0x0000000000001af8       0x3c /opt/altera/16.0/nios2eds/bin/gnu/H-x86_64-pc-linux-gnu/bin/../lib/gcc/nios2-elf/5.2.0/../../../../../H-x86_64-pc-linux-gnu/nios2-elf/lib/libc.a(lib_a-__atexit.o)
                                        0x5dd (size before relaxing)
 .debug_str     0x0000000000001b34       0x62 /opt/altera/16.0/nios2eds/bin/gnu/H-x86_64-pc-linux-gnu/bin/../lib/gcc/nios2-elf/5.2.0/../../../../../H-x86_64-pc-linux-gnu/nios2-elf/lib/libc.a(lib_a-__call_atexit.o)
                                        0x5c9 (size before relaxing)
 .debug_str     0x0000000000001b96       0x2a ../test_dma_bsp//libhal_bsp.a(alt_exit.o)
                                        0x14b (size before relaxing)

.debug_loc      0x0000000000000000      0x770
 *(.debug_loc)
 .debug_loc     0x0000000000000000       0x2c /opt/altera/16.0/nios2eds/bin/gnu/H-x86_64-pc-linux-gnu/bin/../lib/gcc/nios2-elf/5.2.0/../../../../../H-x86_64-pc-linux-gnu/nios2-elf/lib/libc.a(lib_a-atexit.o)
 .debug_loc     0x000000000000002c       0x1e /opt/altera/16.0/nios2eds/bin/gnu/H-x86_64-pc-linux-gnu/bin/../lib/gcc/nios2-elf/5.2.0/../../../../../H-x86_64-pc-linux-gnu/nios2-elf/lib/libc.a(lib_a-exit.o)
 .debug_loc     0x000000000000004a      0x126 /opt/altera/16.0/nios2eds/bin/gnu/H-x86_64-pc-linux-gnu/bin/../lib/gcc/nios2-elf/5.2.0/../../../../../H-x86_64-pc-linux-gnu/nios2-elf/lib/libc.a(lib_a-memcmp.o)
 .debug_loc     0x0000000000000170      0x266 /opt/altera/16.0/nios2eds/bin/gnu/H-x86_64-pc-linux-gnu/bin/../lib/gcc/nios2-elf/5.2.0/../../../../../H-x86_64-pc-linux-gnu/nios2-elf/lib/libc.a(lib_a-memcpy.o)
 .debug_loc     0x00000000000003d6       0x47 /opt/altera/16.0/nios2eds/bin/gnu/H-x86_64-pc-linux-gnu/bin/../lib/gcc/nios2-elf/5.2.0/../../../../../H-x86_64-pc-linux-gnu/nios2-elf/lib/libc.a(lib_a-strlen.o)
 .debug_loc     0x000000000000041d      0x185 /opt/altera/16.0/nios2eds/bin/gnu/H-x86_64-pc-linux-gnu/bin/../lib/gcc/nios2-elf/5.2.0/../../../../../H-x86_64-pc-linux-gnu/nios2-elf/lib/libc.a(lib_a-__atexit.o)
 .debug_loc     0x00000000000005a2      0x1ce /opt/altera/16.0/nios2eds/bin/gnu/H-x86_64-pc-linux-gnu/bin/../lib/gcc/nios2-elf/5.2.0/../../../../../H-x86_64-pc-linux-gnu/nios2-elf/lib/libc.a(lib_a-__call_atexit.o)

.debug_macinfo
 *(.debug_macinfo)

.debug_weaknames
 *(.debug_weaknames)

.debug_funcnames
 *(.debug_funcnames)

.debug_typenames
 *(.debug_typenames)

.debug_varnames
 *(.debug_varnames)

.debug_alt_sim_info
                0x0000000000000000       0x30
 *(.debug_alt_sim_info)
 .debug_alt_sim_info
                0x0000000000000000       0x30 ../test_dma_bsp//obj/HAL/src/crt0.o
                0x0000000002000000                __alt_data_end = 0x2000000
                0x0000000002000000                PROVIDE (__alt_stack_pointer, __alt_data_end)
                [!provide]                        PROVIDE (__alt_stack_limit, __alt_stack_base)
                [!provide]                        PROVIDE (__alt_heap_start, end)
                [!provide]                        PROVIDE (__alt_heap_limit, 0x2000000)
OUTPUT(test_dma.elf elf32-littlenios2)

.debug_ranges   0x0000000000000000      0x178
 .debug_ranges  0x0000000000000000       0x20 ../test_dma_bsp//obj/HAL/src/crt0.o
 .debug_ranges  0x0000000000000020       0x30 ../test_dma_bsp//libhal_bsp.a(altera_avalon_jtag_uart_init.o)
 .debug_ranges  0x0000000000000050       0x18 ../test_dma_bsp//libhal_bsp.a(altera_avalon_jtag_uart_read.o)
 .debug_ranges  0x0000000000000068       0x28 ../test_dma_bsp//libhal_bsp.a(alt_irq_entry.o)
 .debug_ranges  0x0000000000000090       0x10 ../test_dma_bsp//libhal_bsp.a(alt_irq_handler.o)
 .debug_ranges  0x00000000000000a0       0x30 ../test_dma_bsp//libhal_bsp.a(alt_exception_entry.o)
 .debug_ranges  0x00000000000000d0       0x18 ../test_dma_bsp//libhal_bsp.a(alt_instruction_exception_entry.o)
 .debug_ranges  0x00000000000000e8       0x10 /opt/altera/16.0/nios2eds/bin/gnu/H-x86_64-pc-linux-gnu/bin/../lib/gcc/nios2-elf/5.2.0/../../../../../H-x86_64-pc-linux-gnu/nios2-elf/lib/libc.a(lib_a-atexit.o)
 .debug_ranges  0x00000000000000f8       0x10 /opt/altera/16.0/nios2eds/bin/gnu/H-x86_64-pc-linux-gnu/bin/../lib/gcc/nios2-elf/5.2.0/../../../../../H-x86_64-pc-linux-gnu/nios2-elf/lib/libc.a(lib_a-exit.o)
 .debug_ranges  0x0000000000000108       0x10 /opt/altera/16.0/nios2eds/bin/gnu/H-x86_64-pc-linux-gnu/bin/../lib/gcc/nios2-elf/5.2.0/../../../../../H-x86_64-pc-linux-gnu/nios2-elf/lib/libc.a(lib_a-memcmp.o)
 .debug_ranges  0x0000000000000118       0x10 /opt/altera/16.0/nios2eds/bin/gnu/H-x86_64-pc-linux-gnu/bin/../lib/gcc/nios2-elf/5.2.0/../../../../../H-x86_64-pc-linux-gnu/nios2-elf/lib/libc.a(lib_a-memcpy.o)
 .debug_ranges  0x0000000000000128       0x10 /opt/altera/16.0/nios2eds/bin/gnu/H-x86_64-pc-linux-gnu/bin/../lib/gcc/nios2-elf/5.2.0/../../../../../H-x86_64-pc-linux-gnu/nios2-elf/lib/libc.a(lib_a-strlen.o)
 .debug_ranges  0x0000000000000138       0x10 /opt/altera/16.0/nios2eds/bin/gnu/H-x86_64-pc-linux-gnu/bin/../lib/gcc/nios2-elf/5.2.0/../../../../../H-x86_64-pc-linux-gnu/nios2-elf/lib/libc.a(lib_a-__atexit.o)
 .debug_ranges  0x0000000000000148       0x30 /opt/altera/16.0/nios2eds/bin/gnu/H-x86_64-pc-linux-gnu/bin/../lib/gcc/nios2-elf/5.2.0/../../../../../H-x86_64-pc-linux-gnu/nios2-elf/lib/libc.a(lib_a-__call_atexit.o)
